TimeQuest Timing Analyzer report for n_bit_full_adder
Mon Aug 26 05:27:50 2019
Quartus II Version 9.0 Build 132 02/25/2009 SJ Web Edition


---------------------
; Table of Contents ;
---------------------
  1. Legal Notice
  2. TimeQuest Timing Analyzer Summary
  3. Parallel Compilation
  4. Clocks
  5. Slow 1200mV 85C Model Fmax Summary
  6. Slow 1200mV 85C Model Setup Summary
  7. Slow 1200mV 85C Model Hold Summary
  8. Slow 1200mV 85C Model Recovery Summary
  9. Slow 1200mV 85C Model Removal Summary
 10. Slow 1200mV 85C Model Minimum Pulse Width
 11. Propagation Delay
 12. Minimum Propagation Delay
 13. Slow 1200mV 0C Model Fmax Summary
 14. Slow 1200mV 0C Model Setup Summary
 15. Slow 1200mV 0C Model Hold Summary
 16. Slow 1200mV 0C Model Recovery Summary
 17. Slow 1200mV 0C Model Removal Summary
 18. Slow 1200mV 0C Model Minimum Pulse Width
 19. Propagation Delay
 20. Minimum Propagation Delay
 21. Fast 1200mV 0C Model Setup Summary
 22. Fast 1200mV 0C Model Hold Summary
 23. Fast 1200mV 0C Model Recovery Summary
 24. Fast 1200mV 0C Model Removal Summary
 25. Fast 1200mV 0C Model Minimum Pulse Width
 26. Propagation Delay
 27. Minimum Propagation Delay
 28. Multicorner Timing Analysis Summary
 29. Progagation Delay
 30. Minimum Progagation Delay
 31. Board Trace Model Assignments
 32. Input Transition Times
 33. Slow Corner Signal Integrity Metrics
 34. Fast Corner Signal Integrity Metrics
 35. Clock Transfers
 36. Report TCCS
 37. Report RSKM
 38. Unconstrained Paths
 39. TimeQuest Timing Analyzer Messages



----------------
; Legal Notice ;
----------------
Copyright (C) 1991-2009 Altera Corporation
Your use of Altera Corporation's design tools, logic functions 
and other software and tools, and its AMPP partner logic 
functions, and any output files from any of the foregoing 
(including device programming or simulation files), and any 
associated documentation or information are expressly subject 
to the terms and conditions of the Altera Program License 
Subscription Agreement, Altera MegaCore Function License 
Agreement, or other applicable license agreement, including, 
without limitation, that your use is for the sole purpose of 
programming logic devices manufactured by Altera and sold by 
Altera or its authorized distributors.  Please refer to the 
applicable agreement for further details.



+----------------------------------------------------------------------+
; TimeQuest Timing Analyzer Summary                                    ;
+--------------------+-------------------------------------------------+
; Quartus II Version ; Version 9.0 Build 132 02/25/2009 SJ Web Edition ;
; Revision Name      ; n_bit_full_adder                                ;
; Device Family      ; Cyclone III                                     ;
; Device Name        ; EP3C16F484C6                                    ;
; Timing Models      ; Final                                           ;
; Delay Model        ; Combined                                        ;
; Rise/Fall Delays   ; Enabled                                         ;
+--------------------+-------------------------------------------------+


Parallel compilation was disabled, but you have multiple processors available. Enable parallel compilation to reduce compilation time.
+-------------------------------------+
; Parallel Compilation                ;
+----------------------------+--------+
; Processors                 ; Number ;
+----------------------------+--------+
; Number detected on machine ; 2      ;
; Maximum allowed            ; 1      ;
+----------------------------+--------+


----------
; Clocks ;
----------
No clocks to report.


--------------------------------------
; Slow 1200mV 85C Model Fmax Summary ;
--------------------------------------
No paths to report.


---------------------------------------
; Slow 1200mV 85C Model Setup Summary ;
---------------------------------------
No paths to report.


--------------------------------------
; Slow 1200mV 85C Model Hold Summary ;
--------------------------------------
No paths to report.


------------------------------------------
; Slow 1200mV 85C Model Recovery Summary ;
------------------------------------------
No paths to report.


-----------------------------------------
; Slow 1200mV 85C Model Removal Summary ;
-----------------------------------------
No paths to report.


---------------------------------------------
; Slow 1200mV 85C Model Minimum Pulse Width ;
---------------------------------------------
Nothing to report.


+--------------------------------------------------------------+
; Propagation Delay                                            ;
+------------+-------------+--------+--------+--------+--------+
; Input Port ; Output Port ; RR     ; RF     ; FR     ; FF     ;
+------------+-------------+--------+--------+--------+--------+
; A[0]       ; S[0]        ; 7.042  ; 6.995  ; 7.427  ; 7.412  ;
; A[0]       ; S[1]        ; 7.753  ; 7.751  ; 8.190  ; 8.207  ;
; A[0]       ; S[2]        ; 8.154  ; 8.141  ; 8.600  ; 8.619  ;
; A[0]       ; S[3]        ; 8.106  ; 8.048  ; 8.609  ; 8.507  ;
; A[0]       ; S[4]        ; 9.180  ; 9.183  ; 9.721  ; 9.715  ;
; A[0]       ; S[5]        ; 8.541  ; 8.466  ; 9.090  ; 9.006  ;
; A[0]       ; S[6]        ; 11.357 ; 11.412 ; 11.892 ; 11.979 ;
; A[0]       ; S[7]        ; 11.955 ; 12.098 ; 12.580 ; 12.666 ;
; A[0]       ; S[8]        ; 11.618 ;        ;        ; 12.289 ;
; A[1]       ; S[1]        ; 7.253  ; 7.246  ; 7.659  ; 7.684  ;
; A[1]       ; S[2]        ; 7.668  ; 7.655  ; 8.107  ; 8.126  ;
; A[1]       ; S[3]        ; 7.617  ; 7.559  ; 8.118  ; 8.016  ;
; A[1]       ; S[4]        ; 8.691  ; 8.694  ; 9.230  ; 9.224  ;
; A[1]       ; S[5]        ; 8.052  ; 7.977  ; 8.599  ; 8.515  ;
; A[1]       ; S[6]        ; 10.868 ; 10.923 ; 11.401 ; 11.488 ;
; A[1]       ; S[7]        ; 11.466 ; 11.609 ; 12.089 ; 12.175 ;
; A[1]       ; S[8]        ; 11.129 ;        ;        ; 11.798 ;
; A[2]       ; S[2]        ; 7.395  ; 7.412  ; 7.839  ; 7.842  ;
; A[2]       ; S[3]        ; 7.315  ; 7.257  ; 7.811  ; 7.709  ;
; A[2]       ; S[4]        ; 8.389  ; 8.392  ; 8.923  ; 8.917  ;
; A[2]       ; S[5]        ; 7.750  ; 7.675  ; 8.292  ; 8.208  ;
; A[2]       ; S[6]        ; 10.566 ; 10.621 ; 11.094 ; 11.181 ;
; A[2]       ; S[7]        ; 11.164 ; 11.307 ; 11.782 ; 11.868 ;
; A[2]       ; S[8]        ; 10.827 ;        ;        ; 11.491 ;
; A[3]       ; S[3]        ; 6.768  ; 6.676  ; 7.185  ; 7.125  ;
; A[3]       ; S[4]        ; 7.855  ; 7.858  ; 8.321  ; 8.315  ;
; A[3]       ; S[5]        ; 7.216  ; 7.141  ; 7.690  ; 7.606  ;
; A[3]       ; S[6]        ; 10.032 ; 10.087 ; 10.492 ; 10.579 ;
; A[3]       ; S[7]        ; 10.630 ; 10.773 ; 11.180 ; 11.266 ;
; A[3]       ; S[8]        ; 10.293 ;        ;        ; 10.889 ;
; A[4]       ; S[4]        ; 7.719  ; 7.746  ; 8.156  ; 8.180  ;
; A[4]       ; S[5]        ; 7.067  ; 7.027  ; 7.546  ; 7.449  ;
; A[4]       ; S[6]        ; 9.871  ; 9.926  ; 10.352 ; 10.439 ;
; A[4]       ; S[7]        ; 10.469 ; 10.612 ; 11.040 ; 11.126 ;
; A[4]       ; S[8]        ; 10.132 ;        ;        ; 10.749 ;
; A[5]       ; S[5]        ; 6.871  ; 6.828  ; 7.310  ; 7.223  ;
; A[5]       ; S[6]        ; 9.672  ; 9.727  ; 10.121 ; 10.208 ;
; A[5]       ; S[7]        ; 10.270 ; 10.413 ; 10.809 ; 10.895 ;
; A[5]       ; S[8]        ; 9.933  ;        ;        ; 10.518 ;
; A[6]       ; S[6]        ; 8.761  ; 8.853  ; 9.275  ; 9.310  ;
; A[6]       ; S[7]        ; 9.349  ; 9.492  ; 9.882  ; 9.968  ;
; A[6]       ; S[8]        ; 9.012  ;        ;        ; 9.591  ;
; A[7]       ; S[7]        ; 8.318  ; 8.424  ; 8.771  ; 8.909  ;
; A[7]       ; S[8]        ; 7.991  ;        ;        ; 8.512  ;
; B[0]       ; S[0]        ; 7.320  ; 7.275  ; 7.771  ; 7.717  ;
; B[0]       ; S[1]        ; 8.032  ; 8.030  ; 8.493  ; 8.510  ;
; B[0]       ; S[2]        ; 8.432  ; 8.419  ; 8.903  ; 8.922  ;
; B[0]       ; S[3]        ; 8.385  ; 8.327  ; 8.912  ; 8.810  ;
; B[0]       ; S[4]        ; 9.459  ; 9.462  ; 10.024 ; 10.018 ;
; B[0]       ; S[5]        ; 8.820  ; 8.745  ; 9.393  ; 9.309  ;
; B[0]       ; S[6]        ; 11.636 ; 11.691 ; 12.195 ; 12.282 ;
; B[0]       ; S[7]        ; 12.234 ; 12.377 ; 12.883 ; 12.969 ;
; B[0]       ; S[8]        ; 11.897 ;        ;        ; 12.592 ;
; B[1]       ; S[1]        ; 7.338  ; 7.333  ; 7.734  ; 7.720  ;
; B[1]       ; S[2]        ; 7.754  ; 7.741  ; 8.143  ; 8.162  ;
; B[1]       ; S[3]        ; 7.702  ; 7.644  ; 8.153  ; 8.051  ;
; B[1]       ; S[4]        ; 8.776  ; 8.779  ; 9.265  ; 9.259  ;
; B[1]       ; S[5]        ; 8.137  ; 8.062  ; 8.634  ; 8.550  ;
; B[1]       ; S[6]        ; 10.953 ; 11.008 ; 11.436 ; 11.523 ;
; B[1]       ; S[7]        ; 11.551 ; 11.694 ; 12.124 ; 12.210 ;
; B[1]       ; S[8]        ; 11.214 ;        ;        ; 11.833 ;
; B[2]       ; S[2]        ; 7.517  ; 7.506  ; 7.919  ; 7.899  ;
; B[2]       ; S[3]        ; 7.791  ; 7.733  ; 8.265  ; 8.163  ;
; B[2]       ; S[4]        ; 8.865  ; 8.868  ; 9.377  ; 9.371  ;
; B[2]       ; S[5]        ; 8.226  ; 8.151  ; 8.746  ; 8.662  ;
; B[2]       ; S[6]        ; 11.042 ; 11.097 ; 11.548 ; 11.635 ;
; B[2]       ; S[7]        ; 11.640 ; 11.783 ; 12.236 ; 12.322 ;
; B[2]       ; S[8]        ; 11.303 ;        ;        ; 11.945 ;
; B[3]       ; S[3]        ; 6.774  ; 6.719  ; 7.197  ; 7.085  ;
; B[3]       ; S[4]        ; 7.852  ; 7.855  ; 8.304  ; 8.298  ;
; B[3]       ; S[5]        ; 7.213  ; 7.138  ; 7.673  ; 7.589  ;
; B[3]       ; S[6]        ; 10.029 ; 10.084 ; 10.475 ; 10.562 ;
; B[3]       ; S[7]        ; 10.627 ; 10.770 ; 11.163 ; 11.249 ;
; B[3]       ; S[8]        ; 10.290 ;        ;        ; 10.872 ;
; B[4]       ; S[4]        ; 7.379  ; 7.380  ; 7.762  ; 7.795  ;
; B[4]       ; S[5]        ; 6.995  ; 6.955  ; 7.467  ; 7.370  ;
; B[4]       ; S[6]        ; 9.799  ; 9.854  ; 10.273 ; 10.360 ;
; B[4]       ; S[7]        ; 10.397 ; 10.540 ; 10.961 ; 11.047 ;
; B[4]       ; S[8]        ; 10.060 ;        ;        ; 10.670 ;
; B[5]       ; S[5]        ; 6.554  ; 6.477  ; 6.968  ; 6.923  ;
; B[5]       ; S[6]        ; 9.369  ; 9.424  ; 9.803  ; 9.890  ;
; B[5]       ; S[7]        ; 9.967  ; 10.110 ; 10.491 ; 10.577 ;
; B[5]       ; S[8]        ; 9.630  ;        ;        ; 10.200 ;
; B[6]       ; S[6]        ; 8.141  ; 8.230  ; 8.595  ; 8.640  ;
; B[6]       ; S[7]        ; 8.728  ; 8.871  ; 9.214  ; 9.300  ;
; B[6]       ; S[8]        ; 8.391  ;        ;        ; 8.923  ;
; B[7]       ; S[7]        ; 8.148  ; 8.288  ; 8.574  ; 8.670  ;
; B[7]       ; S[8]        ; 7.808  ;        ;        ; 8.291  ;
; Cin        ; S[0]        ; 7.193  ; 7.172  ; 7.602  ; 7.578  ;
; Cin        ; S[1]        ; 7.896  ; 7.885  ; 8.345  ; 8.362  ;
; Cin        ; S[2]        ; 8.299  ; 8.286  ; 8.755  ; 8.774  ;
; Cin        ; S[3]        ; 8.248  ; 8.190  ; 8.764  ; 8.662  ;
; Cin        ; S[4]        ; 9.322  ; 9.325  ; 9.876  ; 9.870  ;
; Cin        ; S[5]        ; 8.683  ; 8.608  ; 9.245  ; 9.161  ;
; Cin        ; S[6]        ; 11.499 ; 11.554 ; 12.047 ; 12.134 ;
; Cin        ; S[7]        ; 12.097 ; 12.240 ; 12.735 ; 12.821 ;
; Cin        ; S[8]        ; 11.760 ;        ;        ; 12.444 ;
+------------+-------------+--------+--------+--------+--------+


+--------------------------------------------------------------+
; Minimum Propagation Delay                                    ;
+------------+-------------+--------+--------+--------+--------+
; Input Port ; Output Port ; RR     ; RF     ; FR     ; FF     ;
+------------+-------------+--------+--------+--------+--------+
; A[0]       ; S[0]        ; 6.867  ; 6.820  ; 7.243  ; 7.227  ;
; A[0]       ; S[1]        ; 7.504  ; 7.511  ; 7.939  ; 7.923  ;
; A[0]       ; S[2]        ; 7.900  ; 7.887  ; 8.333  ; 8.351  ;
; A[0]       ; S[3]        ; 7.823  ; 7.754  ; 8.306  ; 8.237  ;
; A[0]       ; S[4]        ; 8.885  ; 8.888  ; 9.368  ; 9.362  ;
; A[0]       ; S[5]        ; 8.267  ; 8.193  ; 8.755  ; 8.672  ;
; A[0]       ; S[6]        ; 10.973 ; 11.024 ; 11.447 ; 11.529 ;
; A[0]       ; S[7]        ; 11.525 ; 11.654 ; 12.064 ; 12.182 ;
; A[0]       ; S[8]        ; 11.215 ;        ;        ; 11.771 ;
; A[1]       ; S[1]        ; 7.074  ; 7.066  ; 7.470  ; 7.493  ;
; A[1]       ; S[2]        ; 7.471  ; 7.458  ; 7.900  ; 7.918  ;
; A[1]       ; S[3]        ; 7.392  ; 7.323  ; 7.872  ; 7.803  ;
; A[1]       ; S[4]        ; 8.454  ; 8.457  ; 8.934  ; 8.928  ;
; A[1]       ; S[5]        ; 7.836  ; 7.762  ; 8.321  ; 8.238  ;
; A[1]       ; S[6]        ; 10.542 ; 10.593 ; 11.013 ; 11.095 ;
; A[1]       ; S[7]        ; 11.094 ; 11.223 ; 11.630 ; 11.748 ;
; A[1]       ; S[8]        ; 10.784 ;        ;        ; 11.337 ;
; A[2]       ; S[2]        ; 7.153  ; 7.167  ; 7.581  ; 7.560  ;
; A[2]       ; S[3]        ; 6.882  ; 6.793  ; 7.326  ; 7.228  ;
; A[2]       ; S[4]        ; 7.934  ; 7.937  ; 8.388  ; 8.382  ;
; A[2]       ; S[5]        ; 7.316  ; 7.242  ; 7.775  ; 7.692  ;
; A[2]       ; S[6]        ; 10.022 ; 10.073 ; 10.467 ; 10.549 ;
; A[2]       ; S[7]        ; 10.574 ; 10.703 ; 11.084 ; 11.202 ;
; A[2]       ; S[8]        ; 10.264 ;        ;        ; 10.791 ;
; A[3]       ; S[3]        ; 6.601  ; 6.510  ; 7.007  ; 6.947  ;
; A[3]       ; S[4]        ; 7.651  ; 7.654  ; 8.106  ; 8.100  ;
; A[3]       ; S[5]        ; 7.033  ; 6.959  ; 7.493  ; 7.410  ;
; A[3]       ; S[6]        ; 9.739  ; 9.790  ; 10.185 ; 10.267 ;
; A[3]       ; S[7]        ; 10.291 ; 10.420 ; 10.802 ; 10.920 ;
; A[3]       ; S[8]        ; 9.981  ;        ;        ; 10.509 ;
; A[4]       ; S[4]        ; 7.463  ; 7.493  ; 7.897  ; 7.890  ;
; A[4]       ; S[5]        ; 6.844  ; 6.770  ; 7.289  ; 7.206  ;
; A[4]       ; S[6]        ; 9.550  ; 9.601  ; 9.981  ; 10.063 ;
; A[4]       ; S[7]        ; 10.102 ; 10.231 ; 10.598 ; 10.716 ;
; A[4]       ; S[8]        ; 9.792  ;        ;        ; 10.305 ;
; A[5]       ; S[5]        ; 6.642  ; 6.595  ; 7.064  ; 6.980  ;
; A[5]       ; S[6]        ; 9.345  ; 9.396  ; 9.756  ; 9.838  ;
; A[5]       ; S[7]        ; 9.897  ; 10.026 ; 10.373 ; 10.491 ;
; A[5]       ; S[8]        ; 9.587  ;        ;        ; 10.080 ;
; A[6]       ; S[6]        ; 8.460  ; 8.536  ; 8.943  ; 8.991  ;
; A[6]       ; S[7]        ; 8.712  ; 8.815  ; 9.218  ; 9.312  ;
; A[6]       ; S[8]        ; 8.392  ;        ;        ; 8.924  ;
; A[7]       ; S[7]        ; 8.092  ; 8.193  ; 8.535  ; 8.667  ;
; A[7]       ; S[8]        ; 7.771  ;        ;        ; 8.278  ;
; B[0]       ; S[0]        ; 7.136  ; 7.091  ; 7.575  ; 7.521  ;
; B[0]       ; S[1]        ; 7.769  ; 7.776  ; 8.232  ; 8.216  ;
; B[0]       ; S[2]        ; 8.167  ; 8.154  ; 8.626  ; 8.644  ;
; B[0]       ; S[3]        ; 8.088  ; 8.019  ; 8.599  ; 8.530  ;
; B[0]       ; S[4]        ; 9.150  ; 9.153  ; 9.661  ; 9.655  ;
; B[0]       ; S[5]        ; 8.532  ; 8.458  ; 9.048  ; 8.965  ;
; B[0]       ; S[6]        ; 11.238 ; 11.289 ; 11.740 ; 11.822 ;
; B[0]       ; S[7]        ; 11.790 ; 11.919 ; 12.357 ; 12.475 ;
; B[0]       ; S[8]        ; 11.480 ;        ;        ; 12.064 ;
; B[1]       ; S[1]        ; 7.152  ; 7.146  ; 7.540  ; 7.525  ;
; B[1]       ; S[2]        ; 7.550  ; 7.537  ; 7.932  ; 7.950  ;
; B[1]       ; S[3]        ; 7.470  ; 7.401  ; 7.903  ; 7.834  ;
; B[1]       ; S[4]        ; 8.532  ; 8.535  ; 8.965  ; 8.959  ;
; B[1]       ; S[5]        ; 7.914  ; 7.840  ; 8.352  ; 8.269  ;
; B[1]       ; S[6]        ; 10.620 ; 10.671 ; 11.044 ; 11.126 ;
; B[1]       ; S[7]        ; 11.172 ; 11.301 ; 11.661 ; 11.779 ;
; B[1]       ; S[8]        ; 10.862 ;        ;        ; 11.368 ;
; B[2]       ; S[2]        ; 7.330  ; 7.319  ; 7.721  ; 7.701  ;
; B[2]       ; S[3]        ; 7.138  ; 7.049  ; 7.535  ; 7.437  ;
; B[2]       ; S[4]        ; 8.190  ; 8.193  ; 8.597  ; 8.591  ;
; B[2]       ; S[5]        ; 7.572  ; 7.498  ; 7.984  ; 7.901  ;
; B[2]       ; S[6]        ; 10.278 ; 10.329 ; 10.676 ; 10.758 ;
; B[2]       ; S[7]        ; 10.830 ; 10.959 ; 11.293 ; 11.411 ;
; B[2]       ; S[8]        ; 10.520 ;        ;        ; 11.000 ;
; B[3]       ; S[3]        ; 6.550  ; 6.486  ; 6.943  ; 6.844  ;
; B[3]       ; S[4]        ; 7.600  ; 7.603  ; 8.009  ; 8.003  ;
; B[3]       ; S[5]        ; 6.982  ; 6.908  ; 7.396  ; 7.313  ;
; B[3]       ; S[6]        ; 9.688  ; 9.739  ; 10.088 ; 10.170 ;
; B[3]       ; S[7]        ; 10.240 ; 10.369 ; 10.705 ; 10.823 ;
; B[3]       ; S[8]        ; 9.930  ;        ;        ; 10.412 ;
; B[4]       ; S[4]        ; 7.195  ; 7.196  ; 7.569  ; 7.601  ;
; B[4]       ; S[5]        ; 6.579  ; 6.505  ; 6.996  ; 6.913  ;
; B[4]       ; S[6]        ; 9.285  ; 9.336  ; 9.688  ; 9.770  ;
; B[4]       ; S[7]        ; 9.837  ; 9.966  ; 10.305 ; 10.423 ;
; B[4]       ; S[8]        ; 9.527  ;        ;        ; 10.012 ;
; B[5]       ; S[5]        ; 6.398  ; 6.322  ; 6.801  ; 6.756  ;
; B[5]       ; S[6]        ; 9.102  ; 9.153  ; 9.526  ; 9.608  ;
; B[5]       ; S[7]        ; 9.654  ; 9.783  ; 10.143 ; 10.261 ;
; B[5]       ; S[8]        ; 9.344  ;        ;        ; 9.850  ;
; B[6]       ; S[6]        ; 7.865  ; 7.939  ; 8.303  ; 8.351  ;
; B[6]       ; S[7]        ; 8.199  ; 8.302  ; 8.645  ; 8.739  ;
; B[6]       ; S[8]        ; 7.879  ;        ;        ; 8.351  ;
; B[7]       ; S[7]        ; 7.874  ; 8.004  ; 8.284  ; 8.377  ;
; B[7]       ; S[8]        ; 7.553  ;        ;        ; 7.994  ;
; Cin        ; S[0]        ; 6.951  ; 6.933  ; 7.359  ; 7.304  ;
; Cin        ; S[1]        ; 7.591  ; 7.598  ; 8.029  ; 8.013  ;
; Cin        ; S[2]        ; 7.989  ; 7.976  ; 8.426  ; 8.444  ;
; Cin        ; S[3]        ; 7.910  ; 7.841  ; 8.396  ; 8.327  ;
; Cin        ; S[4]        ; 8.972  ; 8.975  ; 9.458  ; 9.452  ;
; Cin        ; S[5]        ; 8.354  ; 8.280  ; 8.845  ; 8.762  ;
; Cin        ; S[6]        ; 11.060 ; 11.111 ; 11.537 ; 11.619 ;
; Cin        ; S[7]        ; 11.612 ; 11.741 ; 12.154 ; 12.272 ;
; Cin        ; S[8]        ; 11.302 ;        ;        ; 11.861 ;
+------------+-------------+--------+--------+--------+--------+


-------------------------------------
; Slow 1200mV 0C Model Fmax Summary ;
-------------------------------------
No paths to report.


--------------------------------------
; Slow 1200mV 0C Model Setup Summary ;
--------------------------------------
No paths to report.


-------------------------------------
; Slow 1200mV 0C Model Hold Summary ;
-------------------------------------
No paths to report.


-----------------------------------------
; Slow 1200mV 0C Model Recovery Summary ;
-----------------------------------------
No paths to report.


----------------------------------------
; Slow 1200mV 0C Model Removal Summary ;
----------------------------------------
No paths to report.


--------------------------------------------
; Slow 1200mV 0C Model Minimum Pulse Width ;
--------------------------------------------
Nothing to report.


+--------------------------------------------------------------+
; Propagation Delay                                            ;
+------------+-------------+--------+--------+--------+--------+
; Input Port ; Output Port ; RR     ; RF     ; FR     ; FF     ;
+------------+-------------+--------+--------+--------+--------+
; A[0]       ; S[0]        ; 6.546  ; 6.456  ; 6.874  ; 6.813  ;
; A[0]       ; S[1]        ; 7.195  ; 7.151  ; 7.561  ; 7.536  ;
; A[0]       ; S[2]        ; 7.566  ; 7.517  ; 7.938  ; 7.918  ;
; A[0]       ; S[3]        ; 7.502  ; 7.409  ; 7.914  ; 7.785  ;
; A[0]       ; S[4]        ; 8.505  ; 8.459  ; 8.942  ; 8.888  ;
; A[0]       ; S[5]        ; 7.895  ; 7.801  ; 8.330  ; 8.228  ;
; A[0]       ; S[6]        ; 10.522 ; 10.481 ; 10.914 ; 10.902 ;
; A[0]       ; S[7]        ; 11.051 ; 11.121 ; 11.512 ; 11.535 ;
; A[0]       ; S[8]        ; 10.717 ;        ;        ; 11.139 ;
; A[1]       ; S[1]        ; 6.745  ; 6.697  ; 7.075  ; 7.056  ;
; A[1]       ; S[2]        ; 7.126  ; 7.077  ; 7.484  ; 7.464  ;
; A[1]       ; S[3]        ; 7.062  ; 6.969  ; 7.462  ; 7.333  ;
; A[1]       ; S[4]        ; 8.065  ; 8.019  ; 8.490  ; 8.436  ;
; A[1]       ; S[5]        ; 7.455  ; 7.361  ; 7.878  ; 7.776  ;
; A[1]       ; S[6]        ; 10.082 ; 10.041 ; 10.462 ; 10.450 ;
; A[1]       ; S[7]        ; 10.611 ; 10.681 ; 11.060 ; 11.083 ;
; A[1]       ; S[8]        ; 10.277 ;        ;        ; 10.687 ;
; A[2]       ; S[2]        ; 6.874  ; 6.853  ; 7.240  ; 7.205  ;
; A[2]       ; S[3]        ; 6.782  ; 6.689  ; 7.195  ; 7.066  ;
; A[2]       ; S[4]        ; 7.785  ; 7.739  ; 8.223  ; 8.169  ;
; A[2]       ; S[5]        ; 7.175  ; 7.081  ; 7.611  ; 7.509  ;
; A[2]       ; S[6]        ; 9.802  ; 9.761  ; 10.195 ; 10.183 ;
; A[2]       ; S[7]        ; 10.331 ; 10.401 ; 10.793 ; 10.816 ;
; A[2]       ; S[8]        ; 9.997  ;        ;        ; 10.420 ;
; A[3]       ; S[3]        ; 6.296  ; 6.174  ; 6.633  ; 6.540  ;
; A[3]       ; S[4]        ; 7.309  ; 7.263  ; 7.680  ; 7.626  ;
; A[3]       ; S[5]        ; 6.699  ; 6.605  ; 7.068  ; 6.966  ;
; A[3]       ; S[6]        ; 9.326  ; 9.285  ; 9.652  ; 9.640  ;
; A[3]       ; S[7]        ; 9.855  ; 9.925  ; 10.250 ; 10.273 ;
; A[3]       ; S[8]        ; 9.521  ;        ;        ; 9.877  ;
; A[4]       ; S[4]        ; 7.176  ; 7.152  ; 7.528  ; 7.500  ;
; A[4]       ; S[5]        ; 6.545  ; 6.482  ; 6.931  ; 6.821  ;
; A[4]       ; S[6]        ; 9.159  ; 9.118  ; 9.522  ; 9.510  ;
; A[4]       ; S[7]        ; 9.688  ; 9.758  ; 10.120 ; 10.143 ;
; A[4]       ; S[8]        ; 9.354  ;        ;        ; 9.747  ;
; A[5]       ; S[5]        ; 6.381  ; 6.314  ; 6.731  ; 6.628  ;
; A[5]       ; S[6]        ; 8.995  ; 8.954  ; 9.325  ; 9.313  ;
; A[5]       ; S[7]        ; 9.524  ; 9.594  ; 9.923  ; 9.946  ;
; A[5]       ; S[8]        ; 9.190  ;        ;        ; 9.550  ;
; A[6]       ; S[6]        ; 8.153  ; 8.145  ; 8.555  ; 8.500  ;
; A[6]       ; S[7]        ; 8.674  ; 8.744  ; 9.087  ; 9.110  ;
; A[6]       ; S[8]        ; 8.340  ;        ;        ; 8.714  ;
; A[7]       ; S[7]        ; 7.731  ; 7.768  ; 8.106  ; 8.172  ;
; A[7]       ; S[8]        ; 7.408  ;        ;        ; 7.759  ;
; B[0]       ; S[0]        ; 6.813  ; 6.725  ; 7.172  ; 7.076  ;
; B[0]       ; S[1]        ; 7.463  ; 7.423  ; 7.821  ; 7.796  ;
; B[0]       ; S[2]        ; 7.830  ; 7.781  ; 8.198  ; 8.178  ;
; B[0]       ; S[3]        ; 7.770  ; 7.677  ; 8.174  ; 8.045  ;
; B[0]       ; S[4]        ; 8.773  ; 8.727  ; 9.202  ; 9.148  ;
; B[0]       ; S[5]        ; 8.163  ; 8.069  ; 8.590  ; 8.488  ;
; B[0]       ; S[6]        ; 10.790 ; 10.749 ; 11.174 ; 11.162 ;
; B[0]       ; S[7]        ; 11.319 ; 11.389 ; 11.772 ; 11.795 ;
; B[0]       ; S[8]        ; 10.985 ;        ;        ; 11.399 ;
; B[1]       ; S[1]        ; 6.821  ; 6.775  ; 7.169  ; 7.115  ;
; B[1]       ; S[2]        ; 7.203  ; 7.154  ; 7.543  ; 7.523  ;
; B[1]       ; S[3]        ; 7.138  ; 7.045  ; 7.520  ; 7.391  ;
; B[1]       ; S[4]        ; 8.141  ; 8.095  ; 8.548  ; 8.494  ;
; B[1]       ; S[5]        ; 7.531  ; 7.437  ; 7.936  ; 7.834  ;
; B[1]       ; S[6]        ; 10.158 ; 10.117 ; 10.520 ; 10.508 ;
; B[1]       ; S[7]        ; 10.687 ; 10.757 ; 11.118 ; 11.141 ;
; B[1]       ; S[8]        ; 10.353 ;        ;        ; 10.745 ;
; B[2]       ; S[2]        ; 7.004  ; 6.957  ; 7.320  ; 7.265  ;
; B[2]       ; S[3]        ; 7.233  ; 7.140  ; 7.598  ; 7.469  ;
; B[2]       ; S[4]        ; 8.236  ; 8.190  ; 8.626  ; 8.572  ;
; B[2]       ; S[5]        ; 7.626  ; 7.532  ; 8.014  ; 7.912  ;
; B[2]       ; S[6]        ; 10.253 ; 10.212 ; 10.598 ; 10.586 ;
; B[2]       ; S[7]        ; 10.782 ; 10.852 ; 11.196 ; 11.219 ;
; B[2]       ; S[8]        ; 10.448 ;        ;        ; 10.823 ;
; B[3]       ; S[3]        ; 6.288  ; 6.199  ; 6.634  ; 6.498  ;
; B[3]       ; S[4]        ; 7.293  ; 7.247  ; 7.660  ; 7.606  ;
; B[3]       ; S[5]        ; 6.683  ; 6.589  ; 7.048  ; 6.946  ;
; B[3]       ; S[6]        ; 9.310  ; 9.269  ; 9.632  ; 9.620  ;
; B[3]       ; S[7]        ; 9.839  ; 9.909  ; 10.230 ; 10.253 ;
; B[3]       ; S[8]        ; 9.505  ;        ;        ; 9.857  ;
; B[4]       ; S[4]        ; 6.866  ; 6.818  ; 7.182  ; 7.163  ;
; B[4]       ; S[5]        ; 6.482  ; 6.419  ; 6.867  ; 6.757  ;
; B[4]       ; S[6]        ; 9.096  ; 9.055  ; 9.458  ; 9.446  ;
; B[4]       ; S[7]        ; 9.625  ; 9.695  ; 10.056 ; 10.079 ;
; B[4]       ; S[8]        ; 9.291  ;        ;        ; 9.683  ;
; B[5]       ; S[5]        ; 6.093  ; 5.997  ; 6.421  ; 6.354  ;
; B[5]       ; S[6]        ; 8.718  ; 8.677  ; 9.035  ; 9.023  ;
; B[5]       ; S[7]        ; 9.247  ; 9.317  ; 9.633  ; 9.656  ;
; B[5]       ; S[8]        ; 8.913  ;        ;        ; 9.260  ;
; B[6]       ; S[6]        ; 7.581  ; 7.569  ; 7.944  ; 7.896  ;
; B[6]       ; S[7]        ; 8.101  ; 8.171  ; 8.481  ; 8.504  ;
; B[6]       ; S[8]        ; 7.767  ;        ;        ; 8.108  ;
; B[7]       ; S[7]        ; 7.579  ; 7.645  ; 7.928  ; 7.958  ;
; B[7]       ; S[8]        ; 7.245  ;        ;        ; 7.562  ;
; Cin        ; S[0]        ; 6.685  ; 6.619  ; 7.023  ; 6.953  ;
; Cin        ; S[1]        ; 7.328  ; 7.281  ; 7.693  ; 7.668  ;
; Cin        ; S[2]        ; 7.699  ; 7.650  ; 8.070  ; 8.050  ;
; Cin        ; S[3]        ; 7.635  ; 7.542  ; 8.046  ; 7.917  ;
; Cin        ; S[4]        ; 8.638  ; 8.592  ; 9.074  ; 9.020  ;
; Cin        ; S[5]        ; 8.028  ; 7.934  ; 8.462  ; 8.360  ;
; Cin        ; S[6]        ; 10.655 ; 10.614 ; 11.046 ; 11.034 ;
; Cin        ; S[7]        ; 11.184 ; 11.254 ; 11.644 ; 11.667 ;
; Cin        ; S[8]        ; 10.850 ;        ;        ; 11.271 ;
+------------+-------------+--------+--------+--------+--------+


+--------------------------------------------------------------+
; Minimum Propagation Delay                                    ;
+------------+-------------+--------+--------+--------+--------+
; Input Port ; Output Port ; RR     ; RF     ; FR     ; FF     ;
+------------+-------------+--------+--------+--------+--------+
; A[0]       ; S[0]        ; 6.394  ; 6.305  ; 6.715  ; 6.654  ;
; A[0]       ; S[1]        ; 6.976  ; 6.943  ; 7.341  ; 7.289  ;
; A[0]       ; S[2]        ; 7.335  ; 7.287  ; 7.702  ; 7.682  ;
; A[0]       ; S[3]        ; 7.247  ; 7.154  ; 7.650  ; 7.550  ;
; A[0]       ; S[4]        ; 8.237  ; 8.192  ; 8.631  ; 8.580  ;
; A[0]       ; S[5]        ; 7.645  ; 7.553  ; 8.038  ; 7.940  ;
; A[0]       ; S[6]        ; 10.169 ; 10.129 ; 10.524 ; 10.512 ;
; A[0]       ; S[7]        ; 10.656 ; 10.720 ; 11.066 ; 11.115 ;
; A[0]       ; S[8]        ; 10.349 ;        ;        ; 10.691 ;
; A[1]       ; S[1]        ; 6.590  ; 6.542  ; 6.913  ; 6.893  ;
; A[1]       ; S[2]        ; 6.953  ; 6.905  ; 7.303  ; 7.283  ;
; A[1]       ; S[3]        ; 6.862  ; 6.769  ; 7.250  ; 7.150  ;
; A[1]       ; S[4]        ; 7.852  ; 7.807  ; 8.231  ; 8.180  ;
; A[1]       ; S[5]        ; 7.260  ; 7.168  ; 7.638  ; 7.540  ;
; A[1]       ; S[6]        ; 9.784  ; 9.744  ; 10.124 ; 10.112 ;
; A[1]       ; S[7]        ; 10.271 ; 10.335 ; 10.666 ; 10.715 ;
; A[1]       ; S[8]        ; 9.964  ;        ;        ; 10.291 ;
; A[2]       ; S[2]        ; 6.660  ; 6.639  ; 7.013  ; 6.961  ;
; A[2]       ; S[3]        ; 6.401  ; 6.283  ; 6.769  ; 6.645  ;
; A[2]       ; S[4]        ; 7.382  ; 7.337  ; 7.751  ; 7.700  ;
; A[2]       ; S[5]        ; 6.790  ; 6.698  ; 7.158  ; 7.060  ;
; A[2]       ; S[6]        ; 9.314  ; 9.274  ; 9.644  ; 9.632  ;
; A[2]       ; S[7]        ; 9.801  ; 9.865  ; 10.186 ; 10.235 ;
; A[2]       ; S[8]        ; 9.494  ;        ;        ; 9.811  ;
; A[3]       ; S[3]        ; 6.151  ; 6.031  ; 6.480  ; 6.388  ;
; A[3]       ; S[4]        ; 7.130  ; 7.085  ; 7.492  ; 7.441  ;
; A[3]       ; S[5]        ; 6.538  ; 6.446  ; 6.899  ; 6.801  ;
; A[3]       ; S[6]        ; 9.062  ; 9.022  ; 9.385  ; 9.373  ;
; A[3]       ; S[7]        ; 9.549  ; 9.613  ; 9.927  ; 9.976  ;
; A[3]       ; S[8]        ; 9.242  ;        ;        ; 9.552  ;
; A[4]       ; S[4]        ; 6.949  ; 6.932  ; 7.300  ; 7.248  ;
; A[4]       ; S[5]        ; 6.358  ; 6.266  ; 6.710  ; 6.612  ;
; A[4]       ; S[6]        ; 8.882  ; 8.842  ; 9.196  ; 9.184  ;
; A[4]       ; S[7]        ; 9.369  ; 9.433  ; 9.738  ; 9.787  ;
; A[4]       ; S[8]        ; 9.062  ;        ;        ; 9.363  ;
; A[5]       ; S[5]        ; 6.179  ; 6.115  ; 6.517  ; 6.418  ;
; A[5]       ; S[6]        ; 8.700  ; 8.660  ; 9.002  ; 8.990  ;
; A[5]       ; S[7]        ; 9.187  ; 9.251  ; 9.544  ; 9.593  ;
; A[5]       ; S[8]        ; 8.880  ;        ;        ; 9.169  ;
; A[6]       ; S[6]        ; 7.884  ; 7.871  ; 8.265  ; 8.223  ;
; A[6]       ; S[7]        ; 8.110  ; 8.146  ; 8.507  ; 8.537  ;
; A[6]       ; S[8]        ; 7.794  ;        ;        ; 8.132  ;
; A[7]       ; S[7]        ; 7.533  ; 7.567  ; 7.900  ; 7.962  ;
; A[7]       ; S[8]        ; 7.216  ;        ;        ; 7.557  ;
; B[0]       ; S[0]        ; 6.653  ; 6.566  ; 7.002  ; 6.909  ;
; B[0]       ; S[1]        ; 7.233  ; 7.200  ; 7.595  ; 7.543  ;
; B[0]       ; S[2]        ; 7.596  ; 7.548  ; 7.956  ; 7.936  ;
; B[0]       ; S[3]        ; 7.505  ; 7.412  ; 7.904  ; 7.804  ;
; B[0]       ; S[4]        ; 8.495  ; 8.450  ; 8.885  ; 8.834  ;
; B[0]       ; S[5]        ; 7.903  ; 7.811  ; 8.292  ; 8.194  ;
; B[0]       ; S[6]        ; 10.427 ; 10.387 ; 10.778 ; 10.766 ;
; B[0]       ; S[7]        ; 10.914 ; 10.978 ; 11.320 ; 11.369 ;
; B[0]       ; S[8]        ; 10.607 ;        ;        ; 10.945 ;
; B[1]       ; S[1]        ; 6.660  ; 6.614  ; 7.000  ; 6.948  ;
; B[1]       ; S[2]        ; 7.024  ; 6.976  ; 7.358  ; 7.338  ;
; B[1]       ; S[3]        ; 6.932  ; 6.839  ; 7.305  ; 7.205  ;
; B[1]       ; S[4]        ; 7.922  ; 7.877  ; 8.286  ; 8.235  ;
; B[1]       ; S[5]        ; 7.330  ; 7.238  ; 7.693  ; 7.595  ;
; B[1]       ; S[6]        ; 9.854  ; 9.814  ; 10.179 ; 10.167 ;
; B[1]       ; S[7]        ; 10.341 ; 10.405 ; 10.721 ; 10.770 ;
; B[1]       ; S[8]        ; 10.034 ;        ;        ; 10.346 ;
; B[2]       ; S[2]        ; 6.840  ; 6.794  ; 7.147  ; 7.095  ;
; B[2]       ; S[3]        ; 6.651  ; 6.533  ; 6.958  ; 6.834  ;
; B[2]       ; S[4]        ; 7.632  ; 7.587  ; 7.940  ; 7.889  ;
; B[2]       ; S[5]        ; 7.040  ; 6.948  ; 7.347  ; 7.249  ;
; B[2]       ; S[6]        ; 9.564  ; 9.524  ; 9.833  ; 9.821  ;
; B[2]       ; S[7]        ; 10.051 ; 10.115 ; 10.375 ; 10.424 ;
; B[2]       ; S[8]        ; 9.744  ;        ;        ; 10.000 ;
; B[3]       ; S[3]        ; 6.092  ; 5.999  ; 6.414  ; 6.290  ;
; B[3]       ; S[4]        ; 7.071  ; 7.026  ; 7.402  ; 7.351  ;
; B[3]       ; S[5]        ; 6.479  ; 6.387  ; 6.809  ; 6.711  ;
; B[3]       ; S[6]        ; 9.003  ; 8.963  ; 9.295  ; 9.283  ;
; B[3]       ; S[7]        ; 9.490  ; 9.554  ; 9.837  ; 9.886  ;
; B[3]       ; S[8]        ; 9.183  ;        ;        ; 9.462  ;
; B[4]       ; S[4]        ; 6.706  ; 6.659  ; 7.015  ; 6.996  ;
; B[4]       ; S[5]        ; 6.117  ; 6.025  ; 6.456  ; 6.358  ;
; B[4]       ; S[6]        ; 8.641  ; 8.601  ; 8.942  ; 8.930  ;
; B[4]       ; S[7]        ; 9.128  ; 9.192  ; 9.484  ; 9.533  ;
; B[4]       ; S[8]        ; 8.821  ;        ;        ; 9.109  ;
; B[5]       ; S[5]        ; 5.957  ; 5.863  ; 6.278  ; 6.212  ;
; B[5]       ; S[6]        ; 8.480  ; 8.440  ; 8.791  ; 8.779  ;
; B[5]       ; S[7]        ; 8.967  ; 9.031  ; 9.333  ; 9.382  ;
; B[5]       ; S[8]        ; 8.660  ;        ;        ; 8.958  ;
; B[6]       ; S[6]        ; 7.335  ; 7.321  ; 7.687  ; 7.645  ;
; B[6]       ; S[7]        ; 7.631  ; 7.667  ; 7.984  ; 8.014  ;
; B[6]       ; S[8]        ; 7.315  ;        ;        ; 7.609  ;
; B[7]       ; S[7]        ; 7.336  ; 7.400  ; 7.674  ; 7.703  ;
; B[7]       ; S[8]        ; 7.018  ;        ;        ; 7.303  ;
; Cin        ; S[0]        ; 6.471  ; 6.412  ; 6.809  ; 6.715  ;
; Cin        ; S[1]        ; 7.059  ; 7.026  ; 7.415  ; 7.362  ;
; Cin        ; S[2]        ; 7.422  ; 7.374  ; 7.778  ; 7.758  ;
; Cin        ; S[3]        ; 7.331  ; 7.238  ; 7.724  ; 7.624  ;
; Cin        ; S[4]        ; 8.321  ; 8.276  ; 8.705  ; 8.654  ;
; Cin        ; S[5]        ; 7.729  ; 7.637  ; 8.112  ; 8.014  ;
; Cin        ; S[6]        ; 10.253 ; 10.213 ; 10.598 ; 10.586 ;
; Cin        ; S[7]        ; 10.740 ; 10.804 ; 11.140 ; 11.189 ;
; Cin        ; S[8]        ; 10.433 ;        ;        ; 10.765 ;
+------------+-------------+--------+--------+--------+--------+


--------------------------------------
; Fast 1200mV 0C Model Setup Summary ;
--------------------------------------
No paths to report.


-------------------------------------
; Fast 1200mV 0C Model Hold Summary ;
-------------------------------------
No paths to report.


-----------------------------------------
; Fast 1200mV 0C Model Recovery Summary ;
-----------------------------------------
No paths to report.


----------------------------------------
; Fast 1200mV 0C Model Removal Summary ;
----------------------------------------
No paths to report.


--------------------------------------------
; Fast 1200mV 0C Model Minimum Pulse Width ;
--------------------------------------------
Nothing to report.


+----------------------------------------------------------+
; Propagation Delay                                        ;
+------------+-------------+-------+-------+-------+-------+
; Input Port ; Output Port ; RR    ; RF    ; FR    ; FF    ;
+------------+-------------+-------+-------+-------+-------+
; A[0]       ; S[0]        ; 4.116 ; 4.183 ; 4.687 ; 4.772 ;
; A[0]       ; S[1]        ; 4.564 ; 4.598 ; 5.176 ; 5.219 ;
; A[0]       ; S[2]        ; 4.785 ; 4.819 ; 5.404 ; 5.456 ;
; A[0]       ; S[3]        ; 4.653 ; 4.690 ; 5.325 ; 5.330 ;
; A[0]       ; S[4]        ; 5.365 ; 5.415 ; 6.059 ; 6.102 ;
; A[0]       ; S[5]        ; 4.891 ; 4.903 ; 5.598 ; 5.603 ;
; A[0]       ; S[6]        ; 6.524 ; 6.641 ; 7.282 ; 7.417 ;
; A[0]       ; S[7]        ; 6.901 ; 7.059 ; 7.725 ; 7.844 ;
; A[0]       ; S[8]        ; 6.663 ;       ;       ; 7.582 ;
; A[1]       ; S[1]        ; 4.317 ; 4.354 ; 4.887 ; 4.942 ;
; A[1]       ; S[2]        ; 4.546 ; 4.580 ; 5.140 ; 5.192 ;
; A[1]       ; S[3]        ; 4.415 ; 4.452 ; 5.062 ; 5.067 ;
; A[1]       ; S[4]        ; 5.127 ; 5.177 ; 5.796 ; 5.839 ;
; A[1]       ; S[5]        ; 4.653 ; 4.665 ; 5.335 ; 5.340 ;
; A[1]       ; S[6]        ; 6.286 ; 6.403 ; 7.019 ; 7.154 ;
; A[1]       ; S[7]        ; 6.663 ; 6.821 ; 7.462 ; 7.581 ;
; A[1]       ; S[8]        ; 6.425 ;       ;       ; 7.319 ;
; A[2]       ; S[2]        ; 4.374 ; 4.422 ; 4.983 ; 5.018 ;
; A[2]       ; S[3]        ; 4.226 ; 4.263 ; 4.871 ; 4.876 ;
; A[2]       ; S[4]        ; 4.938 ; 4.988 ; 5.605 ; 5.648 ;
; A[2]       ; S[5]        ; 4.464 ; 4.476 ; 5.144 ; 5.149 ;
; A[2]       ; S[6]        ; 6.097 ; 6.214 ; 6.828 ; 6.963 ;
; A[2]       ; S[7]        ; 6.474 ; 6.632 ; 7.271 ; 7.390 ;
; A[2]       ; S[8]        ; 6.236 ;       ;       ; 7.128 ;
; A[3]       ; S[3]        ; 3.938 ; 3.958 ; 4.524 ; 4.562 ;
; A[3]       ; S[4]        ; 4.658 ; 4.708 ; 5.280 ; 5.323 ;
; A[3]       ; S[5]        ; 4.184 ; 4.196 ; 4.819 ; 4.824 ;
; A[3]       ; S[6]        ; 5.817 ; 5.934 ; 6.503 ; 6.638 ;
; A[3]       ; S[7]        ; 6.194 ; 6.352 ; 6.946 ; 7.065 ;
; A[3]       ; S[8]        ; 5.956 ;       ;       ; 6.803 ;
; A[4]       ; S[4]        ; 4.615 ; 4.675 ; 5.214 ; 5.265 ;
; A[4]       ; S[5]        ; 4.135 ; 4.162 ; 4.765 ; 4.753 ;
; A[4]       ; S[6]        ; 5.759 ; 5.876 ; 6.445 ; 6.580 ;
; A[4]       ; S[7]        ; 6.136 ; 6.294 ; 6.888 ; 7.007 ;
; A[4]       ; S[8]        ; 5.898 ;       ;       ; 6.745 ;
; A[5]       ; S[5]        ; 4.014 ; 4.040 ; 4.619 ; 4.613 ;
; A[5]       ; S[6]        ; 5.636 ; 5.753 ; 6.298 ; 6.433 ;
; A[5]       ; S[7]        ; 6.013 ; 6.171 ; 6.741 ; 6.860 ;
; A[5]       ; S[8]        ; 5.775 ;       ;       ; 6.598 ;
; A[6]       ; S[6]        ; 5.166 ; 5.301 ; 5.852 ; 5.948 ;
; A[6]       ; S[7]        ; 5.537 ; 5.695 ; 6.242 ; 6.361 ;
; A[6]       ; S[8]        ; 5.299 ;       ;       ; 6.099 ;
; A[7]       ; S[7]        ; 4.951 ; 5.091 ; 5.576 ; 5.734 ;
; A[7]       ; S[8]        ; 4.719 ;       ;       ; 5.458 ;
; B[0]       ; S[0]        ; 4.283 ; 4.353 ; 4.907 ; 4.970 ;
; B[0]       ; S[1]        ; 4.732 ; 4.766 ; 5.371 ; 5.414 ;
; B[0]       ; S[2]        ; 4.950 ; 4.984 ; 5.599 ; 5.651 ;
; B[0]       ; S[3]        ; 4.821 ; 4.858 ; 5.520 ; 5.525 ;
; B[0]       ; S[4]        ; 5.533 ; 5.583 ; 6.254 ; 6.297 ;
; B[0]       ; S[5]        ; 5.059 ; 5.071 ; 5.793 ; 5.798 ;
; B[0]       ; S[6]        ; 6.692 ; 6.809 ; 7.477 ; 7.612 ;
; B[0]       ; S[7]        ; 7.069 ; 7.227 ; 7.920 ; 8.039 ;
; B[0]       ; S[8]        ; 6.831 ;       ;       ; 7.777 ;
; B[1]       ; S[1]        ; 4.380 ; 4.420 ; 4.973 ; 5.006 ;
; B[1]       ; S[2]        ; 4.609 ; 4.643 ; 5.204 ; 5.256 ;
; B[1]       ; S[3]        ; 4.478 ; 4.515 ; 5.126 ; 5.131 ;
; B[1]       ; S[4]        ; 5.190 ; 5.240 ; 5.860 ; 5.903 ;
; B[1]       ; S[5]        ; 4.716 ; 4.728 ; 5.399 ; 5.404 ;
; B[1]       ; S[6]        ; 6.349 ; 6.466 ; 7.083 ; 7.218 ;
; B[1]       ; S[7]        ; 6.726 ; 6.884 ; 7.526 ; 7.645 ;
; B[1]       ; S[8]        ; 6.488 ;       ;       ; 7.383 ;
; B[2]       ; S[2]        ; 4.449 ; 4.486 ; 5.044 ; 5.074 ;
; B[2]       ; S[3]        ; 4.492 ; 4.529 ; 5.153 ; 5.158 ;
; B[2]       ; S[4]        ; 5.204 ; 5.254 ; 5.887 ; 5.930 ;
; B[2]       ; S[5]        ; 4.730 ; 4.742 ; 5.426 ; 5.431 ;
; B[2]       ; S[6]        ; 6.363 ; 6.480 ; 7.110 ; 7.245 ;
; B[2]       ; S[7]        ; 6.740 ; 6.898 ; 7.553 ; 7.672 ;
; B[2]       ; S[8]        ; 6.502 ;       ;       ; 7.410 ;
; B[3]       ; S[3]        ; 3.923 ; 3.961 ; 4.515 ; 4.514 ;
; B[3]       ; S[4]        ; 4.639 ; 4.689 ; 5.249 ; 5.292 ;
; B[3]       ; S[5]        ; 4.165 ; 4.177 ; 4.788 ; 4.793 ;
; B[3]       ; S[6]        ; 5.798 ; 5.915 ; 6.472 ; 6.607 ;
; B[3]       ; S[7]        ; 6.175 ; 6.333 ; 6.915 ; 7.034 ;
; B[3]       ; S[8]        ; 5.937 ;       ;       ; 6.772 ;
; B[4]       ; S[4]        ; 4.397 ; 4.444 ; 4.952 ; 5.017 ;
; B[4]       ; S[5]        ; 4.066 ; 4.093 ; 4.687 ; 4.675 ;
; B[4]       ; S[6]        ; 5.690 ; 5.807 ; 6.367 ; 6.502 ;
; B[4]       ; S[7]        ; 6.067 ; 6.225 ; 6.810 ; 6.929 ;
; B[4]       ; S[8]        ; 5.829 ;       ;       ; 6.667 ;
; B[5]       ; S[5]        ; 3.849 ; 3.858 ; 4.422 ; 4.449 ;
; B[5]       ; S[6]        ; 5.477 ; 5.594 ; 6.122 ; 6.257 ;
; B[5]       ; S[7]        ; 5.854 ; 6.012 ; 6.565 ; 6.684 ;
; B[5]       ; S[8]        ; 5.616 ;       ;       ; 6.422 ;
; B[6]       ; S[6]        ; 4.799 ; 4.933 ; 5.398 ; 5.500 ;
; B[6]       ; S[7]        ; 5.172 ; 5.330 ; 5.797 ; 5.916 ;
; B[6]       ; S[8]        ; 4.934 ;       ;       ; 5.654 ;
; B[7]       ; S[7]        ; 4.857 ; 5.014 ; 5.450 ; 5.575 ;
; B[7]       ; S[8]        ; 4.618 ;       ;       ; 5.310 ;
; Cin        ; S[0]        ; 4.192 ; 4.272 ; 4.793 ; 4.864 ;
; Cin        ; S[1]        ; 4.636 ; 4.667 ; 5.266 ; 5.309 ;
; Cin        ; S[2]        ; 4.861 ; 4.895 ; 5.494 ; 5.546 ;
; Cin        ; S[3]        ; 4.727 ; 4.764 ; 5.415 ; 5.420 ;
; Cin        ; S[4]        ; 5.439 ; 5.489 ; 6.149 ; 6.192 ;
; Cin        ; S[5]        ; 4.965 ; 4.977 ; 5.688 ; 5.693 ;
; Cin        ; S[6]        ; 6.598 ; 6.715 ; 7.372 ; 7.507 ;
; Cin        ; S[7]        ; 6.975 ; 7.133 ; 7.815 ; 7.934 ;
; Cin        ; S[8]        ; 6.737 ;       ;       ; 7.672 ;
+------------+-------------+-------+-------+-------+-------+


+----------------------------------------------------------+
; Minimum Propagation Delay                                ;
+------------+-------------+-------+-------+-------+-------+
; Input Port ; Output Port ; RR    ; RF    ; FR    ; FF    ;
+------------+-------------+-------+-------+-------+-------+
; A[0]       ; S[0]        ; 4.016 ; 4.080 ; 4.580 ; 4.664 ;
; A[0]       ; S[1]        ; 4.418 ; 4.457 ; 5.029 ; 5.058 ;
; A[0]       ; S[2]        ; 4.639 ; 4.670 ; 5.248 ; 5.299 ;
; A[0]       ; S[3]        ; 4.492 ; 4.519 ; 5.151 ; 5.176 ;
; A[0]       ; S[4]        ; 5.196 ; 5.244 ; 5.858 ; 5.899 ;
; A[0]       ; S[5]        ; 4.735 ; 4.747 ; 5.410 ; 5.415 ;
; A[0]       ; S[6]        ; 6.308 ; 6.419 ; 7.030 ; 7.161 ;
; A[0]       ; S[7]        ; 6.658 ; 6.802 ; 7.432 ; 7.571 ;
; A[0]       ; S[8]        ; 6.435 ;       ;       ; 7.286 ;
; A[1]       ; S[1]        ; 4.214 ; 4.248 ; 4.777 ; 4.831 ;
; A[1]       ; S[2]        ; 4.435 ; 4.466 ; 5.021 ; 5.072 ;
; A[1]       ; S[3]        ; 4.288 ; 4.315 ; 4.921 ; 4.946 ;
; A[1]       ; S[4]        ; 4.992 ; 5.040 ; 5.628 ; 5.669 ;
; A[1]       ; S[5]        ; 4.531 ; 4.543 ; 5.180 ; 5.185 ;
; A[1]       ; S[6]        ; 6.104 ; 6.215 ; 6.800 ; 6.931 ;
; A[1]       ; S[7]        ; 6.454 ; 6.598 ; 7.202 ; 7.341 ;
; A[1]       ; S[8]        ; 6.231 ;       ;       ; 7.056 ;
; A[2]       ; S[2]        ; 4.234 ; 4.277 ; 4.827 ; 4.853 ;
; A[2]       ; S[3]        ; 3.978 ; 4.001 ; 4.583 ; 4.599 ;
; A[2]       ; S[4]        ; 4.676 ; 4.724 ; 5.293 ; 5.334 ;
; A[2]       ; S[5]        ; 4.215 ; 4.227 ; 4.845 ; 4.850 ;
; A[2]       ; S[6]        ; 5.788 ; 5.899 ; 6.465 ; 6.596 ;
; A[2]       ; S[7]        ; 6.138 ; 6.282 ; 6.867 ; 7.006 ;
; A[2]       ; S[8]        ; 5.915 ;       ;       ; 6.721 ;
; A[3]       ; S[3]        ; 3.842 ; 3.860 ; 4.421 ; 4.459 ;
; A[3]       ; S[4]        ; 4.541 ; 4.589 ; 5.155 ; 5.196 ;
; A[3]       ; S[5]        ; 4.080 ; 4.092 ; 4.707 ; 4.712 ;
; A[3]       ; S[6]        ; 5.653 ; 5.764 ; 6.327 ; 6.458 ;
; A[3]       ; S[7]        ; 6.003 ; 6.147 ; 6.729 ; 6.868 ;
; A[3]       ; S[8]        ; 5.780 ;       ;       ; 6.583 ;
; A[4]       ; S[4]        ; 4.468 ; 4.523 ; 5.061 ; 5.098 ;
; A[4]       ; S[5]        ; 4.005 ; 4.017 ; 4.609 ; 4.614 ;
; A[4]       ; S[6]        ; 5.578 ; 5.689 ; 6.229 ; 6.360 ;
; A[4]       ; S[7]        ; 5.928 ; 6.072 ; 6.631 ; 6.770 ;
; A[4]       ; S[8]        ; 5.705 ;       ;       ; 6.485 ;
; A[5]       ; S[5]        ; 3.884 ; 3.903 ; 4.474 ; 4.475 ;
; A[5]       ; S[6]        ; 5.452 ; 5.563 ; 6.088 ; 6.219 ;
; A[5]       ; S[7]        ; 5.802 ; 5.946 ; 6.490 ; 6.629 ;
; A[5]       ; S[8]        ; 5.579 ;       ;       ; 6.344 ;
; A[6]       ; S[6]        ; 4.996 ; 5.119 ; 5.654 ; 5.761 ;
; A[6]       ; S[7]        ; 5.178 ; 5.315 ; 5.850 ; 5.980 ;
; A[6]       ; S[8]        ; 4.948 ;       ;       ; 5.709 ;
; A[7]       ; S[7]        ; 4.824 ; 4.956 ; 5.437 ; 5.589 ;
; A[7]       ; S[8]        ; 4.594 ;       ;       ; 5.318 ;
; B[0]       ; S[0]        ; 4.176 ; 4.245 ; 4.792 ; 4.854 ;
; B[0]       ; S[1]        ; 4.576 ; 4.615 ; 5.219 ; 5.248 ;
; B[0]       ; S[2]        ; 4.799 ; 4.830 ; 5.438 ; 5.489 ;
; B[0]       ; S[3]        ; 4.650 ; 4.677 ; 5.341 ; 5.366 ;
; B[0]       ; S[4]        ; 5.354 ; 5.402 ; 6.048 ; 6.089 ;
; B[0]       ; S[5]        ; 4.893 ; 4.905 ; 5.600 ; 5.605 ;
; B[0]       ; S[6]        ; 6.466 ; 6.577 ; 7.220 ; 7.351 ;
; B[0]       ; S[7]        ; 6.816 ; 6.960 ; 7.622 ; 7.761 ;
; B[0]       ; S[8]        ; 6.593 ;       ;       ; 7.476 ;
; B[1]       ; S[1]        ; 4.274 ; 4.313 ; 4.859 ; 4.891 ;
; B[1]       ; S[2]        ; 4.495 ; 4.526 ; 5.081 ; 5.132 ;
; B[1]       ; S[3]        ; 4.348 ; 4.375 ; 4.982 ; 5.007 ;
; B[1]       ; S[4]        ; 5.052 ; 5.100 ; 5.689 ; 5.730 ;
; B[1]       ; S[5]        ; 4.591 ; 4.603 ; 5.241 ; 5.246 ;
; B[1]       ; S[6]        ; 6.164 ; 6.275 ; 6.861 ; 6.992 ;
; B[1]       ; S[7]        ; 6.514 ; 6.658 ; 7.263 ; 7.402 ;
; B[1]       ; S[8]        ; 6.291 ;       ;       ; 7.117 ;
; B[2]       ; S[2]        ; 4.340 ; 4.376 ; 4.928 ; 4.957 ;
; B[2]       ; S[3]        ; 4.126 ; 4.149 ; 4.728 ; 4.744 ;
; B[2]       ; S[4]        ; 4.824 ; 4.872 ; 5.438 ; 5.479 ;
; B[2]       ; S[5]        ; 4.363 ; 4.375 ; 4.990 ; 4.995 ;
; B[2]       ; S[6]        ; 5.936 ; 6.047 ; 6.610 ; 6.741 ;
; B[2]       ; S[7]        ; 6.286 ; 6.430 ; 7.012 ; 7.151 ;
; B[2]       ; S[8]        ; 6.063 ;       ;       ; 6.866 ;
; B[3]       ; S[3]        ; 3.795 ; 3.825 ; 4.364 ; 4.377 ;
; B[3]       ; S[4]        ; 4.493 ; 4.541 ; 5.078 ; 5.119 ;
; B[3]       ; S[5]        ; 4.032 ; 4.044 ; 4.630 ; 4.635 ;
; B[3]       ; S[6]        ; 5.605 ; 5.716 ; 6.250 ; 6.381 ;
; B[3]       ; S[7]        ; 5.955 ; 6.099 ; 6.652 ; 6.791 ;
; B[3]       ; S[8]        ; 5.732 ;       ;       ; 6.506 ;
; B[4]       ; S[4]        ; 4.291 ; 4.334 ; 4.840 ; 4.903 ;
; B[4]       ; S[5]        ; 3.829 ; 3.841 ; 4.413 ; 4.418 ;
; B[4]       ; S[6]        ; 5.402 ; 5.513 ; 6.033 ; 6.164 ;
; B[4]       ; S[7]        ; 5.752 ; 5.896 ; 6.435 ; 6.574 ;
; B[4]       ; S[8]        ; 5.529 ;       ;       ; 6.289 ;
; B[5]       ; S[5]        ; 3.759 ; 3.766 ; 4.324 ; 4.351 ;
; B[5]       ; S[6]        ; 5.327 ; 5.438 ; 5.961 ; 6.092 ;
; B[5]       ; S[7]        ; 5.677 ; 5.821 ; 6.363 ; 6.502 ;
; B[5]       ; S[8]        ; 5.454 ;       ;       ; 6.217 ;
; B[6]       ; S[6]        ; 4.641 ; 4.762 ; 5.228 ; 5.333 ;
; B[6]       ; S[7]        ; 4.870 ; 5.007 ; 5.465 ; 5.595 ;
; B[6]       ; S[8]        ; 4.640 ;       ;       ; 5.324 ;
; B[7]       ; S[7]        ; 4.700 ; 4.844 ; 5.279 ; 5.405 ;
; B[7]       ; S[8]        ; 4.470 ;       ;       ; 5.136 ;
; Cin        ; S[0]        ; 4.055 ; 4.131 ; 4.649 ; 4.707 ;
; Cin        ; S[1]        ; 4.462 ; 4.501 ; 5.084 ; 5.112 ;
; Cin        ; S[2]        ; 4.685 ; 4.716 ; 5.305 ; 5.356 ;
; Cin        ; S[3]        ; 4.536 ; 4.563 ; 5.205 ; 5.230 ;
; Cin        ; S[4]        ; 5.240 ; 5.288 ; 5.912 ; 5.953 ;
; Cin        ; S[5]        ; 4.779 ; 4.791 ; 5.464 ; 5.469 ;
; Cin        ; S[6]        ; 6.352 ; 6.463 ; 7.084 ; 7.215 ;
; Cin        ; S[7]        ; 6.702 ; 6.846 ; 7.486 ; 7.625 ;
; Cin        ; S[8]        ; 6.479 ;       ;       ; 7.340 ;
+------------+-------------+-------+-------+-------+-------+


+----------------------------------------------------------------------------+
; Multicorner Timing Analysis Summary                                        ;
+------------------+-------+------+----------+---------+---------------------+
; Clock            ; Setup ; Hold ; Recovery ; Removal ; Minimum Pulse Width ;
+------------------+-------+------+----------+---------+---------------------+
; Worst-case Slack ; 0.0   ; 0.0  ; 0.0      ; 0.0     ; 0.0                 ;
; Design-wide TNS  ; 0.0   ; 0.0  ; 0.0      ; 0.0     ; N/A                 ;
+------------------+-------+------+----------+---------+---------------------+


+--------------------------------------------------------------+
; Progagation Delay                                            ;
+------------+-------------+--------+--------+--------+--------+
; Input Port ; Output Port ; RR     ; RF     ; FR     ; FF     ;
+------------+-------------+--------+--------+--------+--------+
; A[0]       ; S[0]        ; 7.042  ; 6.995  ; 7.427  ; 7.412  ;
; A[0]       ; S[1]        ; 7.753  ; 7.751  ; 8.190  ; 8.207  ;
; A[0]       ; S[2]        ; 8.154  ; 8.141  ; 8.600  ; 8.619  ;
; A[0]       ; S[3]        ; 8.106  ; 8.048  ; 8.609  ; 8.507  ;
; A[0]       ; S[4]        ; 9.180  ; 9.183  ; 9.721  ; 9.715  ;
; A[0]       ; S[5]        ; 8.541  ; 8.466  ; 9.090  ; 9.006  ;
; A[0]       ; S[6]        ; 11.357 ; 11.412 ; 11.892 ; 11.979 ;
; A[0]       ; S[7]        ; 11.955 ; 12.098 ; 12.580 ; 12.666 ;
; A[0]       ; S[8]        ; 11.618 ;        ;        ; 12.289 ;
; A[1]       ; S[1]        ; 7.253  ; 7.246  ; 7.659  ; 7.684  ;
; A[1]       ; S[2]        ; 7.668  ; 7.655  ; 8.107  ; 8.126  ;
; A[1]       ; S[3]        ; 7.617  ; 7.559  ; 8.118  ; 8.016  ;
; A[1]       ; S[4]        ; 8.691  ; 8.694  ; 9.230  ; 9.224  ;
; A[1]       ; S[5]        ; 8.052  ; 7.977  ; 8.599  ; 8.515  ;
; A[1]       ; S[6]        ; 10.868 ; 10.923 ; 11.401 ; 11.488 ;
; A[1]       ; S[7]        ; 11.466 ; 11.609 ; 12.089 ; 12.175 ;
; A[1]       ; S[8]        ; 11.129 ;        ;        ; 11.798 ;
; A[2]       ; S[2]        ; 7.395  ; 7.412  ; 7.839  ; 7.842  ;
; A[2]       ; S[3]        ; 7.315  ; 7.257  ; 7.811  ; 7.709  ;
; A[2]       ; S[4]        ; 8.389  ; 8.392  ; 8.923  ; 8.917  ;
; A[2]       ; S[5]        ; 7.750  ; 7.675  ; 8.292  ; 8.208  ;
; A[2]       ; S[6]        ; 10.566 ; 10.621 ; 11.094 ; 11.181 ;
; A[2]       ; S[7]        ; 11.164 ; 11.307 ; 11.782 ; 11.868 ;
; A[2]       ; S[8]        ; 10.827 ;        ;        ; 11.491 ;
; A[3]       ; S[3]        ; 6.768  ; 6.676  ; 7.185  ; 7.125  ;
; A[3]       ; S[4]        ; 7.855  ; 7.858  ; 8.321  ; 8.315  ;
; A[3]       ; S[5]        ; 7.216  ; 7.141  ; 7.690  ; 7.606  ;
; A[3]       ; S[6]        ; 10.032 ; 10.087 ; 10.492 ; 10.579 ;
; A[3]       ; S[7]        ; 10.630 ; 10.773 ; 11.180 ; 11.266 ;
; A[3]       ; S[8]        ; 10.293 ;        ;        ; 10.889 ;
; A[4]       ; S[4]        ; 7.719  ; 7.746  ; 8.156  ; 8.180  ;
; A[4]       ; S[5]        ; 7.067  ; 7.027  ; 7.546  ; 7.449  ;
; A[4]       ; S[6]        ; 9.871  ; 9.926  ; 10.352 ; 10.439 ;
; A[4]       ; S[7]        ; 10.469 ; 10.612 ; 11.040 ; 11.126 ;
; A[4]       ; S[8]        ; 10.132 ;        ;        ; 10.749 ;
; A[5]       ; S[5]        ; 6.871  ; 6.828  ; 7.310  ; 7.223  ;
; A[5]       ; S[6]        ; 9.672  ; 9.727  ; 10.121 ; 10.208 ;
; A[5]       ; S[7]        ; 10.270 ; 10.413 ; 10.809 ; 10.895 ;
; A[5]       ; S[8]        ; 9.933  ;        ;        ; 10.518 ;
; A[6]       ; S[6]        ; 8.761  ; 8.853  ; 9.275  ; 9.310  ;
; A[6]       ; S[7]        ; 9.349  ; 9.492  ; 9.882  ; 9.968  ;
; A[6]       ; S[8]        ; 9.012  ;        ;        ; 9.591  ;
; A[7]       ; S[7]        ; 8.318  ; 8.424  ; 8.771  ; 8.909  ;
; A[7]       ; S[8]        ; 7.991  ;        ;        ; 8.512  ;
; B[0]       ; S[0]        ; 7.320  ; 7.275  ; 7.771  ; 7.717  ;
; B[0]       ; S[1]        ; 8.032  ; 8.030  ; 8.493  ; 8.510  ;
; B[0]       ; S[2]        ; 8.432  ; 8.419  ; 8.903  ; 8.922  ;
; B[0]       ; S[3]        ; 8.385  ; 8.327  ; 8.912  ; 8.810  ;
; B[0]       ; S[4]        ; 9.459  ; 9.462  ; 10.024 ; 10.018 ;
; B[0]       ; S[5]        ; 8.820  ; 8.745  ; 9.393  ; 9.309  ;
; B[0]       ; S[6]        ; 11.636 ; 11.691 ; 12.195 ; 12.282 ;
; B[0]       ; S[7]        ; 12.234 ; 12.377 ; 12.883 ; 12.969 ;
; B[0]       ; S[8]        ; 11.897 ;        ;        ; 12.592 ;
; B[1]       ; S[1]        ; 7.338  ; 7.333  ; 7.734  ; 7.720  ;
; B[1]       ; S[2]        ; 7.754  ; 7.741  ; 8.143  ; 8.162  ;
; B[1]       ; S[3]        ; 7.702  ; 7.644  ; 8.153  ; 8.051  ;
; B[1]       ; S[4]        ; 8.776  ; 8.779  ; 9.265  ; 9.259  ;
; B[1]       ; S[5]        ; 8.137  ; 8.062  ; 8.634  ; 8.550  ;
; B[1]       ; S[6]        ; 10.953 ; 11.008 ; 11.436 ; 11.523 ;
; B[1]       ; S[7]        ; 11.551 ; 11.694 ; 12.124 ; 12.210 ;
; B[1]       ; S[8]        ; 11.214 ;        ;        ; 11.833 ;
; B[2]       ; S[2]        ; 7.517  ; 7.506  ; 7.919  ; 7.899  ;
; B[2]       ; S[3]        ; 7.791  ; 7.733  ; 8.265  ; 8.163  ;
; B[2]       ; S[4]        ; 8.865  ; 8.868  ; 9.377  ; 9.371  ;
; B[2]       ; S[5]        ; 8.226  ; 8.151  ; 8.746  ; 8.662  ;
; B[2]       ; S[6]        ; 11.042 ; 11.097 ; 11.548 ; 11.635 ;
; B[2]       ; S[7]        ; 11.640 ; 11.783 ; 12.236 ; 12.322 ;
; B[2]       ; S[8]        ; 11.303 ;        ;        ; 11.945 ;
; B[3]       ; S[3]        ; 6.774  ; 6.719  ; 7.197  ; 7.085  ;
; B[3]       ; S[4]        ; 7.852  ; 7.855  ; 8.304  ; 8.298  ;
; B[3]       ; S[5]        ; 7.213  ; 7.138  ; 7.673  ; 7.589  ;
; B[3]       ; S[6]        ; 10.029 ; 10.084 ; 10.475 ; 10.562 ;
; B[3]       ; S[7]        ; 10.627 ; 10.770 ; 11.163 ; 11.249 ;
; B[3]       ; S[8]        ; 10.290 ;        ;        ; 10.872 ;
; B[4]       ; S[4]        ; 7.379  ; 7.380  ; 7.762  ; 7.795  ;
; B[4]       ; S[5]        ; 6.995  ; 6.955  ; 7.467  ; 7.370  ;
; B[4]       ; S[6]        ; 9.799  ; 9.854  ; 10.273 ; 10.360 ;
; B[4]       ; S[7]        ; 10.397 ; 10.540 ; 10.961 ; 11.047 ;
; B[4]       ; S[8]        ; 10.060 ;        ;        ; 10.670 ;
; B[5]       ; S[5]        ; 6.554  ; 6.477  ; 6.968  ; 6.923  ;
; B[5]       ; S[6]        ; 9.369  ; 9.424  ; 9.803  ; 9.890  ;
; B[5]       ; S[7]        ; 9.967  ; 10.110 ; 10.491 ; 10.577 ;
; B[5]       ; S[8]        ; 9.630  ;        ;        ; 10.200 ;
; B[6]       ; S[6]        ; 8.141  ; 8.230  ; 8.595  ; 8.640  ;
; B[6]       ; S[7]        ; 8.728  ; 8.871  ; 9.214  ; 9.300  ;
; B[6]       ; S[8]        ; 8.391  ;        ;        ; 8.923  ;
; B[7]       ; S[7]        ; 8.148  ; 8.288  ; 8.574  ; 8.670  ;
; B[7]       ; S[8]        ; 7.808  ;        ;        ; 8.291  ;
; Cin        ; S[0]        ; 7.193  ; 7.172  ; 7.602  ; 7.578  ;
; Cin        ; S[1]        ; 7.896  ; 7.885  ; 8.345  ; 8.362  ;
; Cin        ; S[2]        ; 8.299  ; 8.286  ; 8.755  ; 8.774  ;
; Cin        ; S[3]        ; 8.248  ; 8.190  ; 8.764  ; 8.662  ;
; Cin        ; S[4]        ; 9.322  ; 9.325  ; 9.876  ; 9.870  ;
; Cin        ; S[5]        ; 8.683  ; 8.608  ; 9.245  ; 9.161  ;
; Cin        ; S[6]        ; 11.499 ; 11.554 ; 12.047 ; 12.134 ;
; Cin        ; S[7]        ; 12.097 ; 12.240 ; 12.735 ; 12.821 ;
; Cin        ; S[8]        ; 11.760 ;        ;        ; 12.444 ;
+------------+-------------+--------+--------+--------+--------+


+----------------------------------------------------------+
; Minimum Progagation Delay                                ;
+------------+-------------+-------+-------+-------+-------+
; Input Port ; Output Port ; RR    ; RF    ; FR    ; FF    ;
+------------+-------------+-------+-------+-------+-------+
; A[0]       ; S[0]        ; 4.016 ; 4.080 ; 4.580 ; 4.664 ;
; A[0]       ; S[1]        ; 4.418 ; 4.457 ; 5.029 ; 5.058 ;
; A[0]       ; S[2]        ; 4.639 ; 4.670 ; 5.248 ; 5.299 ;
; A[0]       ; S[3]        ; 4.492 ; 4.519 ; 5.151 ; 5.176 ;
; A[0]       ; S[4]        ; 5.196 ; 5.244 ; 5.858 ; 5.899 ;
; A[0]       ; S[5]        ; 4.735 ; 4.747 ; 5.410 ; 5.415 ;
; A[0]       ; S[6]        ; 6.308 ; 6.419 ; 7.030 ; 7.161 ;
; A[0]       ; S[7]        ; 6.658 ; 6.802 ; 7.432 ; 7.571 ;
; A[0]       ; S[8]        ; 6.435 ;       ;       ; 7.286 ;
; A[1]       ; S[1]        ; 4.214 ; 4.248 ; 4.777 ; 4.831 ;
; A[1]       ; S[2]        ; 4.435 ; 4.466 ; 5.021 ; 5.072 ;
; A[1]       ; S[3]        ; 4.288 ; 4.315 ; 4.921 ; 4.946 ;
; A[1]       ; S[4]        ; 4.992 ; 5.040 ; 5.628 ; 5.669 ;
; A[1]       ; S[5]        ; 4.531 ; 4.543 ; 5.180 ; 5.185 ;
; A[1]       ; S[6]        ; 6.104 ; 6.215 ; 6.800 ; 6.931 ;
; A[1]       ; S[7]        ; 6.454 ; 6.598 ; 7.202 ; 7.341 ;
; A[1]       ; S[8]        ; 6.231 ;       ;       ; 7.056 ;
; A[2]       ; S[2]        ; 4.234 ; 4.277 ; 4.827 ; 4.853 ;
; A[2]       ; S[3]        ; 3.978 ; 4.001 ; 4.583 ; 4.599 ;
; A[2]       ; S[4]        ; 4.676 ; 4.724 ; 5.293 ; 5.334 ;
; A[2]       ; S[5]        ; 4.215 ; 4.227 ; 4.845 ; 4.850 ;
; A[2]       ; S[6]        ; 5.788 ; 5.899 ; 6.465 ; 6.596 ;
; A[2]       ; S[7]        ; 6.138 ; 6.282 ; 6.867 ; 7.006 ;
; A[2]       ; S[8]        ; 5.915 ;       ;       ; 6.721 ;
; A[3]       ; S[3]        ; 3.842 ; 3.860 ; 4.421 ; 4.459 ;
; A[3]       ; S[4]        ; 4.541 ; 4.589 ; 5.155 ; 5.196 ;
; A[3]       ; S[5]        ; 4.080 ; 4.092 ; 4.707 ; 4.712 ;
; A[3]       ; S[6]        ; 5.653 ; 5.764 ; 6.327 ; 6.458 ;
; A[3]       ; S[7]        ; 6.003 ; 6.147 ; 6.729 ; 6.868 ;
; A[3]       ; S[8]        ; 5.780 ;       ;       ; 6.583 ;
; A[4]       ; S[4]        ; 4.468 ; 4.523 ; 5.061 ; 5.098 ;
; A[4]       ; S[5]        ; 4.005 ; 4.017 ; 4.609 ; 4.614 ;
; A[4]       ; S[6]        ; 5.578 ; 5.689 ; 6.229 ; 6.360 ;
; A[4]       ; S[7]        ; 5.928 ; 6.072 ; 6.631 ; 6.770 ;
; A[4]       ; S[8]        ; 5.705 ;       ;       ; 6.485 ;
; A[5]       ; S[5]        ; 3.884 ; 3.903 ; 4.474 ; 4.475 ;
; A[5]       ; S[6]        ; 5.452 ; 5.563 ; 6.088 ; 6.219 ;
; A[5]       ; S[7]        ; 5.802 ; 5.946 ; 6.490 ; 6.629 ;
; A[5]       ; S[8]        ; 5.579 ;       ;       ; 6.344 ;
; A[6]       ; S[6]        ; 4.996 ; 5.119 ; 5.654 ; 5.761 ;
; A[6]       ; S[7]        ; 5.178 ; 5.315 ; 5.850 ; 5.980 ;
; A[6]       ; S[8]        ; 4.948 ;       ;       ; 5.709 ;
; A[7]       ; S[7]        ; 4.824 ; 4.956 ; 5.437 ; 5.589 ;
; A[7]       ; S[8]        ; 4.594 ;       ;       ; 5.318 ;
; B[0]       ; S[0]        ; 4.176 ; 4.245 ; 4.792 ; 4.854 ;
; B[0]       ; S[1]        ; 4.576 ; 4.615 ; 5.219 ; 5.248 ;
; B[0]       ; S[2]        ; 4.799 ; 4.830 ; 5.438 ; 5.489 ;
; B[0]       ; S[3]        ; 4.650 ; 4.677 ; 5.341 ; 5.366 ;
; B[0]       ; S[4]        ; 5.354 ; 5.402 ; 6.048 ; 6.089 ;
; B[0]       ; S[5]        ; 4.893 ; 4.905 ; 5.600 ; 5.605 ;
; B[0]       ; S[6]        ; 6.466 ; 6.577 ; 7.220 ; 7.351 ;
; B[0]       ; S[7]        ; 6.816 ; 6.960 ; 7.622 ; 7.761 ;
; B[0]       ; S[8]        ; 6.593 ;       ;       ; 7.476 ;
; B[1]       ; S[1]        ; 4.274 ; 4.313 ; 4.859 ; 4.891 ;
; B[1]       ; S[2]        ; 4.495 ; 4.526 ; 5.081 ; 5.132 ;
; B[1]       ; S[3]        ; 4.348 ; 4.375 ; 4.982 ; 5.007 ;
; B[1]       ; S[4]        ; 5.052 ; 5.100 ; 5.689 ; 5.730 ;
; B[1]       ; S[5]        ; 4.591 ; 4.603 ; 5.241 ; 5.246 ;
; B[1]       ; S[6]        ; 6.164 ; 6.275 ; 6.861 ; 6.992 ;
; B[1]       ; S[7]        ; 6.514 ; 6.658 ; 7.263 ; 7.402 ;
; B[1]       ; S[8]        ; 6.291 ;       ;       ; 7.117 ;
; B[2]       ; S[2]        ; 4.340 ; 4.376 ; 4.928 ; 4.957 ;
; B[2]       ; S[3]        ; 4.126 ; 4.149 ; 4.728 ; 4.744 ;
; B[2]       ; S[4]        ; 4.824 ; 4.872 ; 5.438 ; 5.479 ;
; B[2]       ; S[5]        ; 4.363 ; 4.375 ; 4.990 ; 4.995 ;
; B[2]       ; S[6]        ; 5.936 ; 6.047 ; 6.610 ; 6.741 ;
; B[2]       ; S[7]        ; 6.286 ; 6.430 ; 7.012 ; 7.151 ;
; B[2]       ; S[8]        ; 6.063 ;       ;       ; 6.866 ;
; B[3]       ; S[3]        ; 3.795 ; 3.825 ; 4.364 ; 4.377 ;
; B[3]       ; S[4]        ; 4.493 ; 4.541 ; 5.078 ; 5.119 ;
; B[3]       ; S[5]        ; 4.032 ; 4.044 ; 4.630 ; 4.635 ;
; B[3]       ; S[6]        ; 5.605 ; 5.716 ; 6.250 ; 6.381 ;
; B[3]       ; S[7]        ; 5.955 ; 6.099 ; 6.652 ; 6.791 ;
; B[3]       ; S[8]        ; 5.732 ;       ;       ; 6.506 ;
; B[4]       ; S[4]        ; 4.291 ; 4.334 ; 4.840 ; 4.903 ;
; B[4]       ; S[5]        ; 3.829 ; 3.841 ; 4.413 ; 4.418 ;
; B[4]       ; S[6]        ; 5.402 ; 5.513 ; 6.033 ; 6.164 ;
; B[4]       ; S[7]        ; 5.752 ; 5.896 ; 6.435 ; 6.574 ;
; B[4]       ; S[8]        ; 5.529 ;       ;       ; 6.289 ;
; B[5]       ; S[5]        ; 3.759 ; 3.766 ; 4.324 ; 4.351 ;
; B[5]       ; S[6]        ; 5.327 ; 5.438 ; 5.961 ; 6.092 ;
; B[5]       ; S[7]        ; 5.677 ; 5.821 ; 6.363 ; 6.502 ;
; B[5]       ; S[8]        ; 5.454 ;       ;       ; 6.217 ;
; B[6]       ; S[6]        ; 4.641 ; 4.762 ; 5.228 ; 5.333 ;
; B[6]       ; S[7]        ; 4.870 ; 5.007 ; 5.465 ; 5.595 ;
; B[6]       ; S[8]        ; 4.640 ;       ;       ; 5.324 ;
; B[7]       ; S[7]        ; 4.700 ; 4.844 ; 5.279 ; 5.405 ;
; B[7]       ; S[8]        ; 4.470 ;       ;       ; 5.136 ;
; Cin        ; S[0]        ; 4.055 ; 4.131 ; 4.649 ; 4.707 ;
; Cin        ; S[1]        ; 4.462 ; 4.501 ; 5.084 ; 5.112 ;
; Cin        ; S[2]        ; 4.685 ; 4.716 ; 5.305 ; 5.356 ;
; Cin        ; S[3]        ; 4.536 ; 4.563 ; 5.205 ; 5.230 ;
; Cin        ; S[4]        ; 5.240 ; 5.288 ; 5.912 ; 5.953 ;
; Cin        ; S[5]        ; 4.779 ; 4.791 ; 5.464 ; 5.469 ;
; Cin        ; S[6]        ; 6.352 ; 6.463 ; 7.084 ; 7.215 ;
; Cin        ; S[7]        ; 6.702 ; 6.846 ; 7.486 ; 7.625 ;
; Cin        ; S[8]        ; 6.479 ;       ;       ; 7.340 ;
+------------+-------------+-------+-------+-------+-------+


+------------------------------------------------------------------------------------------------------------------------------------------------------------------------------------------------------------------------------------------------------------------------------------------------------------------------------------------------------------------+
; Board Trace Model Assignments                                                                                                                                                                                                                                                                                                                                    ;
+---------------+--------------+-------------------+-------------------------+-------------------------+---------------+---------------------+----------------+------------------+--------+------------------+------------------------+------------------------+--------------+---------------+-----------------+-------+---------------------+--------------------+
; Pin           ; I/O Standard ; Near Tline Length ; Near Tline L per Length ; Near Tline C per Length ; Near Series R ; Near Differential R ; Near Pull-up R ; Near Pull-down R ; Near C ; Far Tline Length ; Far Tline L per Length ; Far Tline C per Length ; Far Series R ; Far Pull-up R ; Far Pull-down R ; Far C ; Termination Voltage ; Far Differential R ;
+---------------+--------------+-------------------+-------------------------+-------------------------+---------------+---------------------+----------------+------------------+--------+------------------+------------------------+------------------------+--------------+---------------+-----------------+-------+---------------------+--------------------+
; S[0]          ; 2.5 V        ; 0 in              ; 0 H/in                  ; 0 F/in                  ; short         ; -                   ; open           ; open             ; open   ; 0 in             ; 0 H/in                 ; 0 F/in                 ; short        ; open          ; open            ; open  ; 0 V                 ; -                  ;
; S[1]          ; 2.5 V        ; 0 in              ; 0 H/in                  ; 0 F/in                  ; short         ; -                   ; open           ; open             ; open   ; 0 in             ; 0 H/in                 ; 0 F/in                 ; short        ; open          ; open            ; open  ; 0 V                 ; -                  ;
; S[2]          ; 2.5 V        ; 0 in              ; 0 H/in                  ; 0 F/in                  ; short         ; -                   ; open           ; open             ; open   ; 0 in             ; 0 H/in                 ; 0 F/in                 ; short        ; open          ; open            ; open  ; 0 V                 ; -                  ;
; S[3]          ; 2.5 V        ; 0 in              ; 0 H/in                  ; 0 F/in                  ; short         ; -                   ; open           ; open             ; open   ; 0 in             ; 0 H/in                 ; 0 F/in                 ; short        ; open          ; open            ; open  ; 0 V                 ; -                  ;
; S[4]          ; 2.5 V        ; 0 in              ; 0 H/in                  ; 0 F/in                  ; short         ; -                   ; open           ; open             ; open   ; 0 in             ; 0 H/in                 ; 0 F/in                 ; short        ; open          ; open            ; open  ; 0 V                 ; -                  ;
; S[5]          ; 2.5 V        ; 0 in              ; 0 H/in                  ; 0 F/in                  ; short         ; -                   ; open           ; open             ; open   ; 0 in             ; 0 H/in                 ; 0 F/in                 ; short        ; open          ; open            ; open  ; 0 V                 ; -                  ;
; S[6]          ; 2.5 V        ; 0 in              ; 0 H/in                  ; 0 F/in                  ; short         ; -                   ; open           ; open             ; open   ; 0 in             ; 0 H/in                 ; 0 F/in                 ; short        ; open          ; open            ; open  ; 0 V                 ; -                  ;
; S[7]          ; 2.5 V        ; 0 in              ; 0 H/in                  ; 0 F/in                  ; short         ; -                   ; open           ; open             ; open   ; 0 in             ; 0 H/in                 ; 0 F/in                 ; short        ; open          ; open            ; open  ; 0 V                 ; -                  ;
; S[8]          ; 2.5 V        ; 0 in              ; 0 H/in                  ; 0 F/in                  ; short         ; -                   ; open           ; open             ; open   ; 0 in             ; 0 H/in                 ; 0 F/in                 ; short        ; open          ; open            ; open  ; 0 V                 ; -                  ;
; ~ALTERA_DCLK~ ; 2.5 V        ; 0 in              ; 0 H/in                  ; 0 F/in                  ; short         ; -                   ; open           ; open             ; open   ; 0 in             ; 0 H/in                 ; 0 F/in                 ; short        ; open          ; open            ; open  ; 0 V                 ; -                  ;
; ~ALTERA_nCEO~ ; 2.5 V        ; 0 in              ; 0 H/in                  ; 0 F/in                  ; short         ; -                   ; open           ; open             ; open   ; 0 in             ; 0 H/in                 ; 0 F/in                 ; short        ; open          ; open            ; open  ; 0 V                 ; -                  ;
+---------------+--------------+-------------------+-------------------------+-------------------------+---------------+---------------------+----------------+------------------+--------+------------------+------------------------+------------------------+--------------+---------------+-----------------+-------+---------------------+--------------------+


+----------------------------------------------------------------------------+
; Input Transition Times                                                     ;
+-------------------------+--------------+-----------------+-----------------+
; Pin                     ; I/O Standard ; 10-90 Rise Time ; 90-10 Fall Time ;
+-------------------------+--------------+-----------------+-----------------+
; Cin                     ; 2.5 V        ; 2000 ps         ; 2000 ps         ;
; B[0]                    ; 2.5 V        ; 2000 ps         ; 2000 ps         ;
; A[0]                    ; 2.5 V        ; 2000 ps         ; 2000 ps         ;
; B[1]                    ; 2.5 V        ; 2000 ps         ; 2000 ps         ;
; A[1]                    ; 2.5 V        ; 2000 ps         ; 2000 ps         ;
; B[2]                    ; 2.5 V        ; 2000 ps         ; 2000 ps         ;
; A[2]                    ; 2.5 V        ; 2000 ps         ; 2000 ps         ;
; B[3]                    ; 2.5 V        ; 2000 ps         ; 2000 ps         ;
; A[3]                    ; 2.5 V        ; 2000 ps         ; 2000 ps         ;
; B[4]                    ; 2.5 V        ; 2000 ps         ; 2000 ps         ;
; A[4]                    ; 2.5 V        ; 2000 ps         ; 2000 ps         ;
; B[5]                    ; 2.5 V        ; 2000 ps         ; 2000 ps         ;
; A[5]                    ; 2.5 V        ; 2000 ps         ; 2000 ps         ;
; B[6]                    ; 2.5 V        ; 2000 ps         ; 2000 ps         ;
; A[6]                    ; 2.5 V        ; 2000 ps         ; 2000 ps         ;
; B[7]                    ; 2.5 V        ; 2000 ps         ; 2000 ps         ;
; A[7]                    ; 2.5 V        ; 2000 ps         ; 2000 ps         ;
; ~ALTERA_ASDO_DATA1~     ; 2.5 V        ; 2000 ps         ; 2000 ps         ;
; ~ALTERA_FLASH_nCE_nCSO~ ; 2.5 V        ; 2000 ps         ; 2000 ps         ;
; ~ALTERA_DATA0~          ; 2.5 V        ; 2000 ps         ; 2000 ps         ;
+-------------------------+--------------+-----------------+-----------------+


+--------------------------------------------------------------------------------------------------------------------------------------------------------------------------------------------------------------------------------------------------------------------------------------------------------------------------------------------------------------------------------------------------------------------------------------------------------------------------------------------------------------------------------------------------------------------------------------------------------------------------------------------------------------------------------------------+
; Slow Corner Signal Integrity Metrics                                                                                                                                                                                                                                                                                                                                                                                                                                                                                                                                                                                                                                                       ;
+---------------+--------------+---------------------+---------------------+------------------------------+------------------------------+---------------------+---------------------+--------------------------------------+--------------------------------------+-----------------------------+-----------------------------+----------------------------+----------------------------+-----------------------------+-----------------------------+--------------------+--------------------+-------------------------------------+-------------------------------------+----------------------------+----------------------------+---------------------------+---------------------------+
; Pin           ; I/O Standard ; Board Delay on Rise ; Board Delay on Fall ; Steady State Voh at FPGA Pin ; Steady State Vol at FPGA Pin ; Voh Max at FPGA Pin ; Vol Min at FPGA Pin ; Ringback Voltage on Rise at FPGA Pin ; Ringback Voltage on Fall at FPGA Pin ; 10-90 Rise Time at FPGA Pin ; 90-10 Fall Time at FPGA Pin ; Monotonic Rise at FPGA Pin ; Monotonic Fall at FPGA Pin ; Steady State Voh at Far-end ; Steady State Vol at Far-end ; Voh Max at Far-end ; Vol Min at Far-end ; Ringback Voltage on Rise at Far-end ; Ringback Voltage on Fall at Far-end ; 10-90 Rise Time at Far-end ; 90-10 Fall Time at Far-end ; Monotonic Rise at Far-end ; Monotonic Fall at Far-end ;
+---------------+--------------+---------------------+---------------------+------------------------------+------------------------------+---------------------+---------------------+--------------------------------------+--------------------------------------+-----------------------------+-----------------------------+----------------------------+----------------------------+-----------------------------+-----------------------------+--------------------+--------------------+-------------------------------------+-------------------------------------+----------------------------+----------------------------+---------------------------+---------------------------+
; S[0]          ; 2.5 V        ; 0 s                 ; 0 s                 ; 2.32 V                       ; 7.26e-007 V                  ; 2.36 V              ; -0.00968 V          ; 0.111 V                              ; 0.026 V                              ; 6.46e-010 s                 ; 6.2e-010 s                  ; Yes                        ; Yes                        ; 2.32 V                      ; 7.26e-007 V                 ; 2.36 V             ; -0.00968 V         ; 0.111 V                             ; 0.026 V                             ; 6.46e-010 s                ; 6.2e-010 s                 ; Yes                       ; Yes                       ;
; S[1]          ; 2.5 V        ; 0 s                 ; 0 s                 ; 2.32 V                       ; 7.26e-007 V                  ; 2.35 V              ; -0.011 V            ; 0.113 V                              ; 0.035 V                              ; 7.76e-010 s                 ; 8.05e-010 s                 ; Yes                        ; Yes                        ; 2.32 V                      ; 7.26e-007 V                 ; 2.35 V             ; -0.011 V           ; 0.113 V                             ; 0.035 V                             ; 7.76e-010 s                ; 8.05e-010 s                ; Yes                       ; Yes                       ;
; S[2]          ; 2.5 V        ; 0 s                 ; 0 s                 ; 2.32 V                       ; 7.26e-007 V                  ; 2.35 V              ; -0.011 V            ; 0.113 V                              ; 0.035 V                              ; 7.76e-010 s                 ; 8.05e-010 s                 ; Yes                        ; Yes                        ; 2.32 V                      ; 7.26e-007 V                 ; 2.35 V             ; -0.011 V           ; 0.113 V                             ; 0.035 V                             ; 7.76e-010 s                ; 8.05e-010 s                ; Yes                       ; Yes                       ;
; S[3]          ; 2.5 V        ; 0 s                 ; 0 s                 ; 2.32 V                       ; 1.08e-006 V                  ; 2.36 V              ; -0.0108 V           ; 0.122 V                              ; 0.021 V                              ; 4.5e-010 s                  ; 4.45e-010 s                 ; Yes                        ; Yes                        ; 2.32 V                      ; 1.08e-006 V                 ; 2.36 V             ; -0.0108 V          ; 0.122 V                             ; 0.021 V                             ; 4.5e-010 s                 ; 4.45e-010 s                ; Yes                       ; Yes                       ;
; S[4]          ; 2.5 V        ; 0 s                 ; 0 s                 ; 2.32 V                       ; 7.26e-007 V                  ; 2.35 V              ; -0.011 V            ; 0.113 V                              ; 0.035 V                              ; 7.76e-010 s                 ; 8.05e-010 s                 ; Yes                        ; Yes                        ; 2.32 V                      ; 7.26e-007 V                 ; 2.35 V             ; -0.011 V           ; 0.113 V                             ; 0.035 V                             ; 7.76e-010 s                ; 8.05e-010 s                ; Yes                       ; Yes                       ;
; S[5]          ; 2.5 V        ; 0 s                 ; 0 s                 ; 2.32 V                       ; 1.08e-006 V                  ; 2.36 V              ; -0.0108 V           ; 0.122 V                              ; 0.021 V                              ; 4.5e-010 s                  ; 4.45e-010 s                 ; Yes                        ; Yes                        ; 2.32 V                      ; 1.08e-006 V                 ; 2.36 V             ; -0.0108 V          ; 0.122 V                             ; 0.021 V                             ; 4.5e-010 s                 ; 4.45e-010 s                ; Yes                       ; Yes                       ;
; S[6]          ; 2.5 V        ; 0 s                 ; 0 s                 ; 2.32 V                       ; 7.26e-007 V                  ; 2.35 V              ; -0.011 V            ; 0.113 V                              ; 0.035 V                              ; 7.76e-010 s                 ; 8.05e-010 s                 ; Yes                        ; Yes                        ; 2.32 V                      ; 7.26e-007 V                 ; 2.35 V             ; -0.011 V           ; 0.113 V                             ; 0.035 V                             ; 7.76e-010 s                ; 8.05e-010 s                ; Yes                       ; Yes                       ;
; S[7]          ; 2.5 V        ; 0 s                 ; 0 s                 ; 2.32 V                       ; 7.26e-007 V                  ; 2.35 V              ; -0.011 V            ; 0.113 V                              ; 0.035 V                              ; 7.76e-010 s                 ; 8.05e-010 s                 ; Yes                        ; Yes                        ; 2.32 V                      ; 7.26e-007 V                 ; 2.35 V             ; -0.011 V           ; 0.113 V                             ; 0.035 V                             ; 7.76e-010 s                ; 8.05e-010 s                ; Yes                       ; Yes                       ;
; S[8]          ; 2.5 V        ; 0 s                 ; 0 s                 ; 2.32 V                       ; 1.08e-006 V                  ; 2.36 V              ; -0.0108 V           ; 0.122 V                              ; 0.021 V                              ; 4.5e-010 s                  ; 4.45e-010 s                 ; Yes                        ; Yes                        ; 2.32 V                      ; 1.08e-006 V                 ; 2.36 V             ; -0.0108 V          ; 0.122 V                             ; 0.021 V                             ; 4.5e-010 s                 ; 4.45e-010 s                ; Yes                       ; Yes                       ;
; ~ALTERA_DCLK~ ; 2.5 V        ; 0 s                 ; 0 s                 ; 2.32 V                       ; 5.68e-007 V                  ; 2.35 V              ; -0.0132 V           ; 0.2 V                                ; 0.027 V                              ; 5.26e-010 s                 ; 4.81e-010 s                 ; Yes                        ; Yes                        ; 2.32 V                      ; 5.68e-007 V                 ; 2.35 V             ; -0.0132 V          ; 0.2 V                               ; 0.027 V                             ; 5.26e-010 s                ; 4.81e-010 s                ; Yes                       ; Yes                       ;
; ~ALTERA_nCEO~ ; 2.5 V        ; 0 s                 ; 0 s                 ; 2.32 V                       ; 9.36e-007 V                  ; 2.35 V              ; -0.00483 V          ; 0.18 V                               ; 0.019 V                              ; 7.23e-010 s                 ; 9.82e-010 s                 ; Yes                        ; Yes                        ; 2.32 V                      ; 9.36e-007 V                 ; 2.35 V             ; -0.00483 V         ; 0.18 V                              ; 0.019 V                             ; 7.23e-010 s                ; 9.82e-010 s                ; Yes                       ; Yes                       ;
+---------------+--------------+---------------------+---------------------+------------------------------+------------------------------+---------------------+---------------------+--------------------------------------+--------------------------------------+-----------------------------+-----------------------------+----------------------------+----------------------------+-----------------------------+-----------------------------+--------------------+--------------------+-------------------------------------+-------------------------------------+----------------------------+----------------------------+---------------------------+---------------------------+


+--------------------------------------------------------------------------------------------------------------------------------------------------------------------------------------------------------------------------------------------------------------------------------------------------------------------------------------------------------------------------------------------------------------------------------------------------------------------------------------------------------------------------------------------------------------------------------------------------------------------------------------------------------------------------------------------+
; Fast Corner Signal Integrity Metrics                                                                                                                                                                                                                                                                                                                                                                                                                                                                                                                                                                                                                                                       ;
+---------------+--------------+---------------------+---------------------+------------------------------+------------------------------+---------------------+---------------------+--------------------------------------+--------------------------------------+-----------------------------+-----------------------------+----------------------------+----------------------------+-----------------------------+-----------------------------+--------------------+--------------------+-------------------------------------+-------------------------------------+----------------------------+----------------------------+---------------------------+---------------------------+
; Pin           ; I/O Standard ; Board Delay on Rise ; Board Delay on Fall ; Steady State Voh at FPGA Pin ; Steady State Vol at FPGA Pin ; Voh Max at FPGA Pin ; Vol Min at FPGA Pin ; Ringback Voltage on Rise at FPGA Pin ; Ringback Voltage on Fall at FPGA Pin ; 10-90 Rise Time at FPGA Pin ; 90-10 Fall Time at FPGA Pin ; Monotonic Rise at FPGA Pin ; Monotonic Fall at FPGA Pin ; Steady State Voh at Far-end ; Steady State Vol at Far-end ; Voh Max at Far-end ; Vol Min at Far-end ; Ringback Voltage on Rise at Far-end ; Ringback Voltage on Fall at Far-end ; 10-90 Rise Time at Far-end ; 90-10 Fall Time at Far-end ; Monotonic Rise at Far-end ; Monotonic Fall at Far-end ;
+---------------+--------------+---------------------+---------------------+------------------------------+------------------------------+---------------------+---------------------+--------------------------------------+--------------------------------------+-----------------------------+-----------------------------+----------------------------+----------------------------+-----------------------------+-----------------------------+--------------------+--------------------+-------------------------------------+-------------------------------------+----------------------------+----------------------------+---------------------------+---------------------------+
; S[0]          ; 2.5 V        ; 0 s                 ; 0 s                 ; 2.62 V                       ; 2.78e-008 V                  ; 2.72 V              ; -0.0395 V           ; 0.163 V                              ; 0.079 V                              ; 4.51e-010 s                 ; 4.33e-010 s                 ; No                         ; Yes                        ; 2.62 V                      ; 2.78e-008 V                 ; 2.72 V             ; -0.0395 V          ; 0.163 V                             ; 0.079 V                             ; 4.51e-010 s                ; 4.33e-010 s                ; No                        ; Yes                       ;
; S[1]          ; 2.5 V        ; 0 s                 ; 0 s                 ; 2.62 V                       ; 2.78e-008 V                  ; 2.71 V              ; -0.0352 V           ; 0.253 V                              ; 0.068 V                              ; 4.96e-010 s                 ; 5.19e-010 s                 ; No                         ; Yes                        ; 2.62 V                      ; 2.78e-008 V                 ; 2.71 V             ; -0.0352 V          ; 0.253 V                             ; 0.068 V                             ; 4.96e-010 s                ; 5.19e-010 s                ; No                        ; Yes                       ;
; S[2]          ; 2.5 V        ; 0 s                 ; 0 s                 ; 2.62 V                       ; 2.78e-008 V                  ; 2.71 V              ; -0.0352 V           ; 0.253 V                              ; 0.068 V                              ; 4.96e-010 s                 ; 5.19e-010 s                 ; No                         ; Yes                        ; 2.62 V                      ; 2.78e-008 V                 ; 2.71 V             ; -0.0352 V          ; 0.253 V                             ; 0.068 V                             ; 4.96e-010 s                ; 5.19e-010 s                ; No                        ; Yes                       ;
; S[3]          ; 2.5 V        ; 0 s                 ; 0 s                 ; 2.62 V                       ; 4.11e-008 V                  ; 2.73 V              ; -0.0567 V           ; 0.191 V                              ; 0.12 V                               ; 2.69e-010 s                 ; 2.76e-010 s                 ; Yes                        ; Yes                        ; 2.62 V                      ; 4.11e-008 V                 ; 2.73 V             ; -0.0567 V          ; 0.191 V                             ; 0.12 V                              ; 2.69e-010 s                ; 2.76e-010 s                ; Yes                       ; Yes                       ;
; S[4]          ; 2.5 V        ; 0 s                 ; 0 s                 ; 2.62 V                       ; 2.78e-008 V                  ; 2.71 V              ; -0.0352 V           ; 0.253 V                              ; 0.068 V                              ; 4.96e-010 s                 ; 5.19e-010 s                 ; No                         ; Yes                        ; 2.62 V                      ; 2.78e-008 V                 ; 2.71 V             ; -0.0352 V          ; 0.253 V                             ; 0.068 V                             ; 4.96e-010 s                ; 5.19e-010 s                ; No                        ; Yes                       ;
; S[5]          ; 2.5 V        ; 0 s                 ; 0 s                 ; 2.62 V                       ; 4.11e-008 V                  ; 2.73 V              ; -0.0567 V           ; 0.191 V                              ; 0.12 V                               ; 2.69e-010 s                 ; 2.76e-010 s                 ; Yes                        ; Yes                        ; 2.62 V                      ; 4.11e-008 V                 ; 2.73 V             ; -0.0567 V          ; 0.191 V                             ; 0.12 V                              ; 2.69e-010 s                ; 2.76e-010 s                ; Yes                       ; Yes                       ;
; S[6]          ; 2.5 V        ; 0 s                 ; 0 s                 ; 2.62 V                       ; 2.78e-008 V                  ; 2.71 V              ; -0.0352 V           ; 0.253 V                              ; 0.068 V                              ; 4.96e-010 s                 ; 5.19e-010 s                 ; No                         ; Yes                        ; 2.62 V                      ; 2.78e-008 V                 ; 2.71 V             ; -0.0352 V          ; 0.253 V                             ; 0.068 V                             ; 4.96e-010 s                ; 5.19e-010 s                ; No                        ; Yes                       ;
; S[7]          ; 2.5 V        ; 0 s                 ; 0 s                 ; 2.62 V                       ; 2.78e-008 V                  ; 2.71 V              ; -0.0352 V           ; 0.253 V                              ; 0.068 V                              ; 4.96e-010 s                 ; 5.19e-010 s                 ; No                         ; Yes                        ; 2.62 V                      ; 2.78e-008 V                 ; 2.71 V             ; -0.0352 V          ; 0.253 V                             ; 0.068 V                             ; 4.96e-010 s                ; 5.19e-010 s                ; No                        ; Yes                       ;
; S[8]          ; 2.5 V        ; 0 s                 ; 0 s                 ; 2.62 V                       ; 4.11e-008 V                  ; 2.73 V              ; -0.0567 V           ; 0.191 V                              ; 0.12 V                               ; 2.69e-010 s                 ; 2.76e-010 s                 ; Yes                        ; Yes                        ; 2.62 V                      ; 4.11e-008 V                 ; 2.73 V             ; -0.0567 V          ; 0.191 V                             ; 0.12 V                              ; 2.69e-010 s                ; 2.76e-010 s                ; Yes                       ; Yes                       ;
; ~ALTERA_DCLK~ ; 2.5 V        ; 0 s                 ; 0 s                 ; 2.62 V                       ; 2.19e-008 V                  ; 2.72 V              ; -0.0746 V           ; 0.28 V                               ; 0.169 V                              ; 3.1e-010 s                  ; 3.01e-010 s                 ; No                         ; Yes                        ; 2.62 V                      ; 2.19e-008 V                 ; 2.72 V             ; -0.0746 V          ; 0.28 V                              ; 0.169 V                             ; 3.1e-010 s                 ; 3.01e-010 s                ; No                        ; Yes                       ;
; ~ALTERA_nCEO~ ; 2.5 V        ; 0 s                 ; 0 s                 ; 2.62 V                       ; 3.53e-008 V                  ; 2.7 V               ; -0.021 V            ; 0.204 V                              ; 0.048 V                              ; 4.85e-010 s                 ; 6.74e-010 s                 ; No                         ; Yes                        ; 2.62 V                      ; 3.53e-008 V                 ; 2.7 V              ; -0.021 V           ; 0.204 V                             ; 0.048 V                             ; 4.85e-010 s                ; 6.74e-010 s                ; No                        ; Yes                       ;
+---------------+--------------+---------------------+---------------------+------------------------------+------------------------------+---------------------+---------------------+--------------------------------------+--------------------------------------+-----------------------------+-----------------------------+----------------------------+----------------------------+-----------------------------+-----------------------------+--------------------+--------------------+-------------------------------------+-------------------------------------+----------------------------+----------------------------+---------------------------+---------------------------+


-------------------
; Clock Transfers ;
-------------------
No clock transfers to report.


---------------
; Report TCCS ;
---------------
No dedicated SERDES Transmitter circuitry present in device or used in design.


---------------
; Report RSKM ;
---------------
No dedicated SERDES Receiver circuitry present in device or used in design.


+------------------------------------------------+
; Unconstrained Paths                            ;
+---------------------------------+-------+------+
; Property                        ; Setup ; Hold ;
+---------------------------------+-------+------+
; Illegal Clocks                  ; 0     ; 0    ;
; Unconstrained Clocks            ; 0     ; 0    ;
; Unconstrained Input Ports       ; 17    ; 17   ;
; Unconstrained Input Port Paths  ; 97    ; 97   ;
; Unconstrained Output Ports      ; 9     ; 9    ;
; Unconstrained Output Port Paths ; 97    ; 97   ;
+---------------------------------+-------+------+


+------------------------------------+
; TimeQuest Timing Analyzer Messages ;
+------------------------------------+
Info: *******************************************************************
Info: Running Quartus II TimeQuest Timing Analyzer
    Info: Version 9.0 Build 132 02/25/2009 SJ Web Edition
    Info: Processing started: Mon Aug 26 05:27:48 2019
Info: Command: quartus_sta n_bit_full_adder -c n_bit_full_adder
Info: qsta_default_script.tcl version: #3
Info: Core supply voltage is 1.2V
Info: Low junction temperature is 0 degrees C
Info: High junction temperature is 85 degrees C
Critical Warning: Synopsys Design Constraints File file not found: 'n_bit_full_adder.sdc'. A Synopsys Design Constraints File is required by the TimeQuest Timing Analyzer to get proper timing constraints. Without it, the Compiler will not properly optimize the design.
Info: No user constrained base clocks found in the design. Calling "derive_clocks -period 1.0"
Info: The command derive_clocks did not find any clocks to derive.  No clocks were created or changed.
Warning: No clocks defined in design.
Info: No clocks to report
Info: Analyzing Slow 1200mV 85C Model
Info: No fmax paths to report
Info: No setup paths to report
Info: No hold paths to report
Info: No recovery paths to report
Info: No removal paths to report
Info: No minimum pulse width or minimum period width checks to report
Info: The Metastability Analysis global option is set to OFF.
Info: No synchronizer chains to report.
Info: Analyzing Slow 1200mV 0C Model
Info: Started post-fitting delay annotation
Info: Delay annotation completed successfully
Info: No user constrained base clocks found in the design. Calling "derive_clocks -period 1.0"
Info: The command derive_clocks did not find any clocks to derive.  No clocks were created or changed.
Warning: No clocks defined in design.
Info: No fmax paths to report
Info: No setup paths to report
Info: No hold paths to report
Info: No recovery paths to report
Info: No removal paths to report
Info: No minimum pulse width or minimum period width checks to report
Info: The Metastability Analysis global option is set to OFF.
Info: No synchronizer chains to report.
Info: Analyzing Fast 1200mV 0C Model
Info: Started post-fitting delay annotation
Info: Delay annotation completed successfully
Info: No user constrained base clocks found in the design. Calling "derive_clocks -period 1.0"
Info: The command derive_clocks did not find any clocks to derive.  No clocks were created or changed.
Warning: No clocks defined in design.
Info: No setup paths to report
Info: No hold paths to report
Info: No recovery paths to report
Info: No removal paths to report
Info: No minimum pulse width or minimum period width checks to report
Info: The Metastability Analysis global option is set to OFF.
Info: No synchronizer chains to report.
Warning: At least one of the filters had some problems and could not be matched.
    Warning: * could not be matched with a clock.
Info: Design is not fully constrained for setup requirements
Info: Design is not fully constrained for hold requirements
Info: Quartus II TimeQuest Timing Analyzer was successful. 0 errors, 6 warnings
    Info: Peak virtual memory: 220 megabytes
    Info: Processing ended: Mon Aug 26 05:27:50 2019
    Info: Elapsed time: 00:00:02
    Info: Total CPU time (on all processors): 00:00:02


